=== extract (Siena, ~101k segments) ===
EEGMamba loaded: 3,277,243 params | unfused path on 12 Mamba2 blocks
    train 12800/74512
    train 25600/74512
    train 38400/74512
    train 51200/74512
    train 64000/74512
  train  (74512, 200)  labels [74045   467]
  val    (8279, 200)  labels [8227   52]
    test 12800/18729
  test   (18729, 200)  labels [18597   132]
=== probe: eegmamba vs diffeeg (cached features, no other model re-run) ===

=== siena: frozen linear probe ===
model         dim       C       accuracy      roc_auc       pr_auc  f1_weighted     f1_macro  sensitivity  specificity
--------------------------------------------------------------------------------------------------------------------
eegmamba      200   0.001         0.8277       0.8548       0.2516       0.8992       0.4820       0.7652       0.8281
diffeeg      2400    10.0         0.9206       0.7774       0.0571       0.9523       0.5217       0.5227       0.9234

  DiffEEG - eegmamba (test prevalence 0.007):
    accuracy      +0.0929   DiffEEG [0.917,0.924]  eegmamba [0.823,0.833]  95% CI disjoint
    roc_auc       -0.0774   DiffEEG [0.724,0.827]  eegmamba [0.812,0.893]  95% CI OVERLAP
    pr_auc        -0.1945   DiffEEG [0.039,0.088]  eegmamba [0.175,0.334]  95% CI disjoint
    f1_weighted   +0.0531   DiffEEG [0.950,0.955]  eegmamba [0.896,0.903]  95% CI disjoint
    f1_macro      +0.0396   DiffEEG [0.512,0.531]  eegmamba [0.476,0.488]  95% CI disjoint
    sensitivity   -0.2424   DiffEEG [0.431,0.614]  eegmamba [0.690,0.837]  95% CI disjoint
    specificity   +0.0952   DiffEEG [0.920,0.927]  eegmamba [0.823,0.833]  95% CI disjoint

  saved -> /home/abdulh/scratch/benchmarking2/results/probe_siena_eegmamba-diffeeg.json
Done: Tue Sep 15 08:41:32 EDT 2026
