===== EEGDM / tuab5s =====
[KeOps] Compiling cuda jit compiler engine ... OK
[pyKeOps] Compiling nvrtc binder for python ... OK
  EEGDM backbone params: 11,863,298
[KeOps] Generating code for Sum_Reduction reduction (with parameters 0) of formula ComplexMult(a,ComplexExp(ComplexMult(b,c))) with a=Var(0,2,1), b=Var(1,2,1), c=Var(2,2,0) ... OK
    train 6400/100000
    train 12800/100000
    train 19200/100000
    train 25600/100000
    train 32000/100000
    train 38400/100000
    train 44800/100000
    train 51200/100000
    train 57600/100000
    train 64000/100000
    train 70400/100000
    train 76800/100000
    train 83200/100000
    train 89600/100000
    train 96000/100000
  train  (100000, 2560)  labels [50000 50000]
    val 6400/20000
    val 12800/20000
    val 19200/20000
  val    (20000, 2560)  labels [10000 10000]
    test 6400/50000
    test 12800/50000
    test 19200/50000
    test 25600/50000
    test 32000/50000
    test 38400/50000
    test 44800/50000
  test   (50000, 2560)  labels [26955 23045]

===== DiffEEG / tuab5s =====
