{'train': 100000, 'val': 20000, 'test': 50000}
Model initialized with 9,674,710 parameters
  ep 01 loss 0.6256  val AUROC 0.7990  (1223s)
  >> new best (epoch 1)
  ep 02 loss 0.5369  val AUROC 0.8370  (89s)
  >> new best (epoch 2)
  ep 03 loss 0.5023  val AUROC 0.8581  (89s)
  >> new best (epoch 3)
  ep 04 loss 0.4798  val AUROC 0.8675  (89s)
  >> new best (epoch 4)
  ep 05 loss 0.4624  val AUROC 0.8816  (90s)
  >> new best (epoch 5)
  ep 06 loss 0.4463  val AUROC 0.8819  (90s)
  >> new best (epoch 6)
  ep 07 loss 0.4347  val AUROC 0.8892  (90s)
  >> new best (epoch 7)
  ep 08 loss 0.4238  val AUROC 0.8975  (90s)
  >> new best (epoch 8)
  ep 09 loss 0.4140  val AUROC 0.9011  (89s)
  >> new best (epoch 9)
  ep 10 loss 0.4048  val AUROC 0.9030  (90s)
  >> new best (epoch 10)
  ep 11 loss 0.3992  val AUROC 0.8975  (90s)
  ep 12 loss 0.3921  val AUROC 0.9093  (90s)
  >> new best (epoch 12)
  ep 13 loss 0.3841  val AUROC 0.8984  (89s)
  ep 14 loss 0.3791  val AUROC 0.9162  (90s)
  >> new best (epoch 14)
  ep 15 loss 0.3715  val AUROC 0.9167  (91s)
  >> new best (epoch 15)
  ep 16 loss 0.3665  val AUROC 0.9181  (90s)
  >> new best (epoch 16)
  ep 17 loss 0.3617  val AUROC 0.9203  (91s)
  >> new best (epoch 17)
  ep 18 loss 0.3570  val AUROC 0.9169  (91s)
  ep 19 loss 0.3531  val AUROC 0.9197  (89s)
  ep 20 loss 0.3478  val AUROC 0.9200  (90s)
  ep 21 loss 0.3429  val AUROC 0.9245  (90s)
  >> new best (epoch 21)
  ep 22 loss 0.3406  val AUROC 0.9265  (90s)
  >> new best (epoch 22)
  ep 23 loss 0.3364  val AUROC 0.9249  (92s)
  ep 24 loss 0.3324  val AUROC 0.9237  (113s)
  ep 25 loss 0.3296  val AUROC 0.9276  (117s)
  >> new best (epoch 25)
  ep 26 loss 0.3268  val AUROC 0.9276  (89s)
  ep 27 loss 0.3232  val AUROC 0.9302  (157s)
  >> new best (epoch 27)
  ep 28 loss 0.3195  val AUROC 0.9309  (162s)
  >> new best (epoch 28)
  ep 29 loss 0.3169  val AUROC 0.9298  (507s)
  ep 30 loss 0.3132  val AUROC 0.9297  (194s)
  ep 31 loss 0.3119  val AUROC 0.9298  (90s)
  ep 32 loss 0.3088  val AUROC 0.9336  (90s)
  >> new best (epoch 32)
  ep 33 loss 0.3066  val AUROC 0.9358  (89s)
  >> new best (epoch 33)
  ep 34 loss 0.3050  val AUROC 0.9337  (89s)
  ep 35 loss 0.3022  val AUROC 0.9329  (90s)
  ep 36 loss 0.3000  val AUROC 0.9346  (91s)
  ep 37 loss 0.2978  val AUROC 0.9355  (90s)
  ep 38 loss 0.2957  val AUROC 0.9355  (90s)
  ep 39 loss 0.2943  val AUROC 0.9365  (90s)
  >> new best (epoch 39)
  ep 40 loss 0.2949  val AUROC 0.9375  (90s)
  >> new best (epoch 40)
  ep 41 loss 0.2908  val AUROC 0.9373  (90s)
  ep 42 loss 0.2902  val AUROC 0.9351  (91s)
  ep 43 loss 0.2889  val AUROC 0.9402  (91s)
  >> new best (epoch 43)
  ep 44 loss 0.2884  val AUROC 0.9381  (91s)
  ep 45 loss 0.2857  val AUROC 0.9384  (90s)
  ep 46 loss 0.2853  val AUROC 0.9378  (90s)
  ep 47 loss 0.2855  val AUROC 0.9385  (90s)
  ep 48 loss 0.2830  val AUROC 0.9393  (90s)
  ep 49 loss 0.2825  val AUROC 0.9378  (90s)
  ep 50 loss 0.2827  val AUROC 0.9380  (90s)
  ep 51 loss 0.2793  val AUROC 0.9389  (91s)
  ep 52 loss 0.2800  val AUROC 0.9401  (91s)
  ep 53 loss 0.2805  val AUROC 0.9393  (90s)
  early stop at epoch 53

     accuracy      roc_auc       pr_auc  f1_weighted     f1_macro  sensitivity  specificity
       0.8287       0.8589       0.4918       0.8646       0.6384       0.7496       0.8345

saved -> /home/abdulh/scratch/benchmarking2/results/diffeeg_ft_tusz_rl-on/result.json
Done: Wed Sep  9 05:49:22 EDT 2026
