Model initialized with 9,674,710 parameters
backbone params: 9,674,710
41 recordings
[1/41] PN00__PN00-1 (525, 2400) seiz=15
[2/41] PN00__PN00-2 (460, 2400) seiz=11
[3/41] PN00__PN00-3 (501, 2400) seiz=60
[4/41] PN00__PN00-4 (420, 2400) seiz=15
[5/41] PN00__PN00-5 (428, 2400) seiz=15
[6/41] PN01__PN01-1 (9711, 2400) seiz=28
[7/41] PN03__PN03-1 (9327, 2400) seiz=23
[8/41] PN03__PN03-2 (8116, 2400) seiz=27
[9/41] PN05__PN05-2 (1849, 2400) seiz=8
[10/41] PN05__PN05-3 (1510, 2400) seiz=7
[11/41] PN05__PN05-4 (985, 2400) seiz=9
[12/41] PN06__PN06-1 (1923, 2400) seiz=14
[13/41] PN06__PN06-2 (2524, 2400) seiz=14
[14/41] PN06__PN06-3 (1636, 2400) seiz=9
[15/41] PN06__PN06-4 (1405, 2400) seiz=14
[16/41] PN06__PN06-5 (1204, 2400) seiz=10
[17/41] PN07__PN07-1 (6289, 2400) seiz=14
[18/41] PN09__PN09-1 (1646, 2400) seiz=17
[19/41] PN09__PN09-2 (1670, 2400) seiz=13
[20/41] PN09__PN09-3 (1613, 2400) seiz=13
[21/41] PN10__PN10-1 (1996, 2400) seiz=14
[22/41] PN10__PN10-10 (1713, 2400) seiz=4
[23/41] PN10__PN10-2 (1710, 2400) seiz=11
[24/41] PN10__PN10-3 (1742, 2400) seiz=14
[25/41] PN10__PN10-4.5.6 (3329, 2400) seiz=19
[26/41] PN10__PN10-7.8.9 (2991, 2400) seiz=9
[27/41] PN11__PN11-1 (1735, 2400) seiz=12
[28/41] PN12__PN12-1.2 (1954, 2400) seiz=27
[29/41] PN12__PN12-3 (397, 2400) seiz=20
[30/41] PN12__PN12-4 (2038, 2400) seiz=13
[31/41] PN13__PN13-1 (1871, 2400) seiz=10
[32/41] PN13__PN13-2 (1862, 2400) seiz=14
[33/41] PN13__PN13-3 (2505, 2400) seiz=31
[34/41] PN14__PN14-1 (1573, 2400) seiz=6
[35/41] PN14__PN14-2 (1833, 2400) seiz=4
[36/41] PN14__PN14-3 (8399, 2400) seiz=9
[37/41] PN14__PN14-4 (2928, 2400) seiz=18
[38/41] PN16__PN16-1 (1654, 2400) seiz=26
[39/41] PN16__PN16-2 (1859, 2400) seiz=23
[40/41] PN17__PN17-1 (1855, 2400) seiz=14
[41/41] PN17__PN17-2 (1834, 2400) seiz=17
done
Done: Sat Sep 12 06:34:20 EDT 2026
