{'train': 100000, 'val': 20000, 'test': 50000}
  eegnet: 2,738 params (trained from scratch, no pretrained weights)
  ep 00 loss 0.6954  val AUROC 0.7179  (296s)
  >> new best (epoch 0)
  ep 01 loss 0.6123  val AUROC 0.7948  (34s)
  >> new best (epoch 1)
  ep 02 loss 0.5757  val AUROC 0.8165  (34s)
  >> new best (epoch 2)
  ep 03 loss 0.5587  val AUROC 0.8160  (33s)
  ep 04 loss 0.5456  val AUROC 0.8219  (34s)
  >> new best (epoch 4)
  ep 05 loss 0.5374  val AUROC 0.8443  (33s)
  >> new best (epoch 5)
  ep 06 loss 0.5301  val AUROC 0.8409  (33s)
  ep 07 loss 0.5226  val AUROC 0.8413  (33s)
  ep 08 loss 0.5169  val AUROC 0.8535  (33s)
  >> new best (epoch 8)
  ep 09 loss 0.5134  val AUROC 0.8512  (33s)
  ep 10 loss 0.5126  val AUROC 0.8500  (33s)
  ep 11 loss 0.5102  val AUROC 0.8423  (33s)
  ep 12 loss 0.5074  val AUROC 0.8557  (33s)
  >> new best (epoch 12)
  ep 13 loss 0.5066  val AUROC 0.8572  (33s)
  >> new best (epoch 13)
  ep 14 loss 0.5035  val AUROC 0.8554  (33s)
  ep 15 loss 0.5018  val AUROC 0.8590  (33s)
  >> new best (epoch 15)
  ep 16 loss 0.4994  val AUROC 0.8564  (35s)
  ep 17 loss 0.4985  val AUROC 0.8579  (34s)
  ep 18 loss 0.5005  val AUROC 0.8585  (34s)
  ep 19 loss 0.4965  val AUROC 0.8607  (33s)
  >> new best (epoch 19)
  ep 20 loss 0.4954  val AUROC 0.8599  (35s)
  ep 21 loss 0.4952  val AUROC 0.8604  (33s)
  ep 22 loss 0.4910  val AUROC 0.8584  (33s)
  ep 23 loss 0.4911  val AUROC 0.8632  (33s)
  >> new best (epoch 23)
  ep 24 loss 0.4911  val AUROC 0.8621  (33s)
  ep 25 loss 0.4877  val AUROC 0.8606  (33s)
  ep 26 loss 0.4887  val AUROC 0.8614  (34s)
  ep 27 loss 0.4908  val AUROC 0.8643  (33s)
  >> new best (epoch 27)
  ep 28 loss 0.4861  val AUROC 0.8617  (33s)
  ep 29 loss 0.4849  val AUROC 0.8670  (34s)
  >> new best (epoch 29)
  ep 30 loss 0.4838  val AUROC 0.8643  (34s)
  ep 31 loss 0.4843  val AUROC 0.8633  (33s)
  ep 32 loss 0.4831  val AUROC 0.8663  (33s)
  ep 33 loss 0.4811  val AUROC 0.8667  (33s)
  ep 34 loss 0.4792  val AUROC 0.8683  (34s)
  >> new best (epoch 34)
  ep 35 loss 0.4822  val AUROC 0.8684  (33s)
  >> new best (epoch 35)
  ep 36 loss 0.4809  val AUROC 0.8693  (33s)
  >> new best (epoch 36)
  ep 37 loss 0.4799  val AUROC 0.8673  (33s)
  ep 38 loss 0.4795  val AUROC 0.8690  (33s)
  ep 39 loss 0.4800  val AUROC 0.8689  (34s)
  ep 40 loss 0.4783  val AUROC 0.8672  (34s)
  ep 41 loss 0.4806  val AUROC 0.8670  (34s)
  ep 42 loss 0.4766  val AUROC 0.8681  (33s)
  ep 43 loss 0.4770  val AUROC 0.8698  (34s)
  >> new best (epoch 43)
  ep 44 loss 0.4766  val AUROC 0.8709  (33s)
  >> new best (epoch 44)
  ep 45 loss 0.4732  val AUROC 0.8690  (34s)
  ep 46 loss 0.4761  val AUROC 0.8707  (33s)
  ep 47 loss 0.4773  val AUROC 0.8703  (34s)
  ep 48 loss 0.4757  val AUROC 0.8680  (34s)
  ep 49 loss 0.4771  val AUROC 0.8700  (33s)

     accuracy      roc_auc       pr_auc  f1_weighted     f1_macro  sensitivity  specificity
       0.9345       0.8803       0.4811       0.9087       0.5497       0.0732       0.9982

saved -> /home/abdulh/scratch/benchmarking2/results/supervised_eegnet_tusz/result.json
Done: Tue Sep  8 10:17:22 EDT 2026
