{'train': 100000, 'val': 20000, 'test': 50000}
  sttransformer: 3,431,092 params (trained from scratch, no pretrained weights)
  ep 00 loss 0.6185  val AUROC 0.8140  (298s)
  >> new best (epoch 0)
  ep 01 loss 0.5211  val AUROC 0.8598  (42s)
  >> new best (epoch 1)
  ep 02 loss 0.4858  val AUROC 0.8793  (49s)
  >> new best (epoch 2)
  ep 03 loss 0.4618  val AUROC 0.8914  (50s)
  >> new best (epoch 3)
  ep 04 loss 0.4363  val AUROC 0.9066  (49s)
  >> new best (epoch 4)
  ep 05 loss 0.4193  val AUROC 0.9119  (50s)
  >> new best (epoch 5)
  ep 06 loss 0.4051  val AUROC 0.9176  (50s)
  >> new best (epoch 6)
  ep 07 loss 0.3905  val AUROC 0.9213  (50s)
  >> new best (epoch 7)
  ep 08 loss 0.3797  val AUROC 0.9268  (50s)
  >> new best (epoch 8)
  ep 09 loss 0.3714  val AUROC 0.9291  (52s)
  >> new best (epoch 9)
  ep 10 loss 0.3613  val AUROC 0.9326  (48s)
  >> new best (epoch 10)
  ep 11 loss 0.3499  val AUROC 0.9346  (49s)
  >> new best (epoch 11)
  ep 12 loss 0.3389  val AUROC 0.9325  (49s)
  ep 13 loss 0.3338  val AUROC 0.9384  (49s)
  >> new best (epoch 13)
  ep 14 loss 0.3213  val AUROC 0.9417  (48s)
  >> new best (epoch 14)
  ep 15 loss 0.3142  val AUROC 0.9394  (51s)
  ep 16 loss 0.3036  val AUROC 0.9383  (49s)
  ep 17 loss 0.2965  val AUROC 0.9461  (50s)
  >> new best (epoch 17)
  ep 18 loss 0.2886  val AUROC 0.9492  (50s)
  >> new best (epoch 18)
  ep 19 loss 0.2830  val AUROC 0.9472  (50s)
  ep 20 loss 0.2782  val AUROC 0.9491  (42s)
  ep 21 loss 0.2680  val AUROC 0.9536  (43s)
  >> new best (epoch 21)
  ep 22 loss 0.2594  val AUROC 0.9547  (46s)
  >> new best (epoch 22)
  ep 23 loss 0.2503  val AUROC 0.9554  (51s)
  >> new best (epoch 23)
  ep 24 loss 0.2428  val AUROC 0.9567  (53s)
  >> new best (epoch 24)
  ep 25 loss 0.2365  val AUROC 0.9531  (48s)
  ep 26 loss 0.2298  val AUROC 0.9526  (49s)
  ep 27 loss 0.2220  val AUROC 0.9521  (52s)
  ep 28 loss 0.2159  val AUROC 0.9552  (52s)
  ep 29 loss 0.2088  val AUROC 0.9568  (49s)
  >> new best (epoch 29)
  ep 30 loss 0.2007  val AUROC 0.9573  (51s)
  >> new best (epoch 30)
  ep 31 loss 0.1954  val AUROC 0.9560  (51s)
  ep 32 loss 0.1877  val AUROC 0.9582  (47s)
  >> new best (epoch 32)
  ep 33 loss 0.1818  val AUROC 0.9608  (49s)
  >> new best (epoch 33)
  ep 34 loss 0.1747  val AUROC 0.9580  (47s)
  ep 35 loss 0.1717  val AUROC 0.9616  (49s)
  >> new best (epoch 35)
  ep 36 loss 0.1639  val AUROC 0.9597  (50s)
  ep 37 loss 0.1612  val AUROC 0.9578  (49s)
  ep 38 loss 0.1561  val AUROC 0.9608  (49s)
  ep 39 loss 0.1527  val AUROC 0.9588  (51s)
  ep 40 loss 0.1451  val AUROC 0.9604  (46s)
  ep 41 loss 0.1469  val AUROC 0.9614  (42s)
  ep 42 loss 0.1439  val AUROC 0.9615  (38s)
  ep 43 loss 0.1408  val AUROC 0.9613  (51s)
  early stop at epoch 43

     accuracy      roc_auc       pr_auc  f1_weighted     f1_macro  sensitivity  specificity
       0.7813       0.8319       0.4044       0.8318       0.5941       0.7415       0.7843

saved -> /home/abdulh/scratch/benchmarking2/results/supervised_sttransformer_tusz/result.json
Done: Tue Sep  8 10:24:52 EDT 2026
