Loading normalization stats...
  ✓ Loaded

============================================================
INDEXING DATA (sequential block-shuffle for train)
============================================================

✓ Train files 931 | 1,858,924 samples (normal 1,746,634 / seizure 112,290)
✓ Val   files 49 | 98,000 samples
✓ Eval  | 228,667 samples
✓ Steps/epoch 7,261 | class weights normal=0.532 seizure=8.277

Using device: cuda

Loading backbone...
Model initialized with 40,679,574 parameters
  ✓ Checkpoint loaded into backbone
  ✓ Backbone prepared | unfreeze='none' | trainable backbone params: 0 (0 tensors)

  ✓ Optimizer (no-RL): head LR=5.00e-05, backbone frozen
============================================================
TRAINING
============================================================

Epoch   1 | Train Loss:0.6447 Acc:0.551 F1:0.172 | Val Loss:0.6227 Acc:0.689 ROC:0.755 PR:0.170 | LR:3.17e-06
Epoch   2 | Train Loss:0.5749 Acc:0.715 F1:0.233 | Val Loss:0.5864 Acc:0.716 ROC:0.781 PR:0.214 | LR:6.58e-06
Epoch   3 | Train Loss:0.5502 Acc:0.759 F1:0.261 | Val Loss:0.6041 Acc:0.697 ROC:0.790 PR:0.221 | LR:1.19e-05
Epoch   4 | Train Loss:0.5394 Acc:0.777 F1:0.274 | Val Loss:0.5042 Acc:0.775 ROC:0.806 PR:0.236 | LR:1.86e-05
Epoch   5 | Train Loss:0.5308 Acc:0.780 F1:0.279 | Val Loss:0.4549 Acc:0.833 ROC:0.802 PR:0.206 | LR:2.60e-05
Epoch   6 | Train Loss:0.5218 Acc:0.780 F1:0.281 | Val Loss:0.3502 Acc:0.867 ROC:0.813 PR:0.227 | LR:3.34e-05
Epoch   7 | Train Loss:0.5158 Acc:0.781 F1:0.285 | Val Loss:0.4392 Acc:0.860 ROC:0.818 PR:0.221 | LR:4.01e-05
Epoch   8 | Train Loss:0.5130 Acc:0.780 F1:0.285 | Val Loss:0.7783 Acc:0.535 ROC:0.786 PR:0.256 | LR:4.54e-05
Epoch   9 | Train Loss:0.5050 Acc:0.783 F1:0.290 | Val Loss:0.6634 Acc:0.631 ROC:0.810 PR:0.250 | LR:4.88e-05
Epoch  10 | Train Loss:0.4976 Acc:0.785 F1:0.294 | Val Loss:0.4213 Acc:0.856 ROC:0.816 PR:0.237 | LR:5.00e-05
Epoch  11 | Train Loss:0.4932 Acc:0.788 F1:0.296 | Val Loss:0.3507 Acc:0.871 ROC:0.833 PR:0.266 | LR:5.00e-05
Epoch  12 | Train Loss:0.4873 Acc:0.792 F1:0.301 | Val Loss:0.8721 Acc:0.463 ROC:0.806 PR:0.286 | LR:4.99e-05
Epoch  13 | Train Loss:0.4822 Acc:0.793 F1:0.305 | Val Loss:0.5031 Acc:0.766 ROC:0.834 PR:0.298 | LR:4.99e-05
Epoch  14 | Train Loss:0.4761 Acc:0.798 F1:0.310 | Val Loss:0.4346 Acc:0.842 ROC:0.823 PR:0.273 | LR:4.98e-05
Epoch  15 | Train Loss:0.4719 Acc:0.800 F1:0.314 | Val Loss:0.5737 Acc:0.704 ROC:0.847 PR:0.299 | LR:4.96e-05
Epoch  16 | Train Loss:0.4679 Acc:0.803 F1:0.317 | Val Loss:0.3849 Acc:0.837 ROC:0.834 PR:0.281 | LR:4.95e-05
Epoch  17 | Train Loss:0.4631 Acc:0.806 F1:0.321 | Val Loss:0.4810 Acc:0.781 ROC:0.835 PR:0.293 | LR:4.93e-05
Epoch  18 | Train Loss:0.4618 Acc:0.806 F1:0.323 | Val Loss:0.3493 Acc:0.871 ROC:0.840 PR:0.302 | LR:4.90e-05
Epoch  19 | Train Loss:0.4574 Acc:0.810 F1:0.327 | Val Loss:0.3429 Acc:0.884 ROC:0.839 PR:0.256 | LR:4.88e-05
Epoch  20 | Train Loss:0.4546 Acc:0.810 F1:0.328 | Val Loss:0.3193 Acc:0.886 ROC:0.850 PR:0.292 | LR:4.85e-05
Epoch  21 | Train Loss:0.4522 Acc:0.811 F1:0.329 | Val Loss:0.4469 Acc:0.806 ROC:0.846 PR:0.303 | LR:4.82e-05
Epoch  22 | Train Loss:0.4497 Acc:0.815 F1:0.334 | Val Loss:0.4984 Acc:0.764 ROC:0.848 PR:0.312 | LR:4.78e-05
Epoch  23 | Train Loss:0.4467 Acc:0.815 F1:0.335 | Val Loss:0.4618 Acc:0.788 ROC:0.860 PR:0.331 | LR:4.75e-05
Epoch  24 | Train Loss:0.4445 Acc:0.816 F1:0.337 | Val Loss:0.4833 Acc:0.773 ROC:0.848 PR:0.318 | LR:4.71e-05
Epoch  25 | Train Loss:0.4401 Acc:0.820 F1:0.342 | Val Loss:0.5240 Acc:0.745 ROC:0.854 PR:0.315 | LR:4.67e-05
Epoch  26 | Train Loss:0.4398 Acc:0.818 F1:0.340 | Val Loss:0.4292 Acc:0.815 ROC:0.854 PR:0.307 | LR:4.62e-05
Epoch  27 | Train Loss:0.4349 Acc:0.821 F1:0.344 | Val Loss:0.3647 Acc:0.857 ROC:0.842 PR:0.322 | LR:4.57e-05
Epoch  28 | Train Loss:0.4354 Acc:0.821 F1:0.346 | Val Loss:0.2508 Acc:0.914 ROC:0.856 PR:0.310 | LR:4.52e-05
Epoch  29 | Train Loss:0.4334 Acc:0.823 F1:0.347 | Val Loss:0.5636 Acc:0.720 ROC:0.846 PR:0.346 | LR:4.47e-05
Epoch  30 | Train Loss:0.4299 Acc:0.825 F1:0.350 | Val Loss:0.4066 Acc:0.823 ROC:0.865 PR:0.352 | LR:4.42e-05
Epoch  31 | Train Loss:0.4284 Acc:0.827 F1:0.353 | Val Loss:0.3822 Acc:0.845 ROC:0.859 PR:0.341 | LR:4.36e-05
Epoch  32 | Train Loss:0.4261 Acc:0.827 F1:0.354 | Val Loss:0.4924 Acc:0.767 ROC:0.855 PR:0.345 | LR:4.30e-05
Epoch  33 | Train Loss:0.4233 Acc:0.828 F1:0.356 | Val Loss:0.3373 Acc:0.870 ROC:0.855 PR:0.315 | LR:4.24e-05
Epoch  34 | Train Loss:0.4230 Acc:0.831 F1:0.358 | Val Loss:0.3026 Acc:0.879 ROC:0.871 PR:0.335 | LR:4.17e-05
Epoch  35 | Train Loss:0.4202 Acc:0.828 F1:0.357 | Val Loss:0.4614 Acc:0.796 ROC:0.853 PR:0.380 | LR:4.11e-05
Epoch  36 | Train Loss:0.4172 Acc:0.832 F1:0.362 | Val Loss:0.3269 Acc:0.885 ROC:0.863 PR:0.325 | LR:4.04e-05
Epoch  37 | Train Loss:0.4163 Acc:0.832 F1:0.362 | Val Loss:0.3957 Acc:0.823 ROC:0.865 PR:0.366 | LR:3.97e-05
Epoch  38 | Train Loss:0.4158 Acc:0.832 F1:0.362 | Val Loss:0.2576 Acc:0.907 ROC:0.872 PR:0.338 | LR:3.90e-05
Epoch  39 | Train Loss:0.4117 Acc:0.834 F1:0.366 | Val Loss:0.3580 Acc:0.848 ROC:0.870 PR:0.372 | LR:3.83e-05
Epoch  40 | Train Loss:0.4109 Acc:0.835 F1:0.367 | Val Loss:0.4285 Acc:0.850 ROC:0.851 PR:0.325 | LR:3.75e-05
Epoch  41 | Train Loss:0.4085 Acc:0.834 F1:0.367 | Val Loss:0.2753 Acc:0.895 ROC:0.876 PR:0.356 | LR:3.67e-05
Epoch  42 | Train Loss:0.4070 Acc:0.837 F1:0.369 | Val Loss:0.2387 Acc:0.915 ROC:0.868 PR:0.329 | LR:3.60e-05
Epoch  43 | Train Loss:0.4055 Acc:0.838 F1:0.372 | Val Loss:0.3192 Acc:0.879 ROC:0.863 PR:0.380 | LR:3.52e-05
Epoch  44 | Train Loss:0.4048 Acc:0.838 F1:0.373 | Val Loss:0.2859 Acc:0.892 ROC:0.876 PR:0.369 | LR:3.44e-05
Epoch  45 | Train Loss:0.4028 Acc:0.841 F1:0.376 | Val Loss:0.4880 Acc:0.773 ROC:0.843 PR:0.366 | LR:3.36e-05
Epoch  46 | Train Loss:0.4020 Acc:0.842 F1:0.378 | Val Loss:0.3009 Acc:0.876 ROC:0.874 PR:0.378 | LR:3.27e-05
Epoch  47 | Train Loss:0.3990 Acc:0.841 F1:0.378 | Val Loss:0.3526 Acc:0.853 ROC:0.862 PR:0.379 | LR:3.19e-05
Epoch  48 | Train Loss:0.3980 Acc:0.842 F1:0.379 | Val Loss:0.3579 Acc:0.862 ROC:0.869 PR:0.364 | LR:3.11e-05
Epoch  49 | Train Loss:0.3955 Acc:0.843 F1:0.381 | Val Loss:0.3383 Acc:0.861 ROC:0.872 PR:0.376 | LR:3.02e-05
Epoch  50 | Train Loss:0.3934 Acc:0.844 F1:0.383 | Val Loss:0.3388 Acc:0.860 ROC:0.877 PR:0.366 | LR:2.94e-05
Epoch  51 | Train Loss:0.3930 Acc:0.845 F1:0.384 | Val Loss:0.3103 Acc:0.875 ROC:0.869 PR:0.386 | LR:2.85e-05
Epoch  52 | Train Loss:0.3904 Acc:0.845 F1:0.385 | Val Loss:0.2578 Acc:0.904 ROC:0.881 PR:0.382 | LR:2.76e-05
Epoch  53 | Train Loss:0.3898 Acc:0.845 F1:0.385 | Val Loss:0.2839 Acc:0.897 ROC:0.867 PR:0.362 | LR:2.68e-05
Epoch  54 | Train Loss:0.3873 Acc:0.847 F1:0.388 | Val Loss:0.3367 Acc:0.859 ROC:0.876 PR:0.372 | LR:2.59e-05
Epoch  55 | Train Loss:0.3866 Acc:0.847 F1:0.388 | Val Loss:0.4037 Acc:0.820 ROC:0.870 PR:0.407 | LR:2.50e-05
Epoch  56 | Train Loss:0.3851 Acc:0.848 F1:0.390 | Val Loss:0.3074 Acc:0.885 ROC:0.867 PR:0.393 | LR:2.41e-05
Epoch  57 | Train Loss:0.3838 Acc:0.849 F1:0.393 | Val Loss:0.2548 Acc:0.905 ROC:0.870 PR:0.414 | LR:2.33e-05
Epoch  58 | Train Loss:0.3812 Acc:0.850 F1:0.394 | Val Loss:0.4314 Acc:0.802 ROC:0.863 PR:0.397 | LR:2.24e-05
Epoch  59 | Train Loss:0.3802 Acc:0.850 F1:0.395 | Val Loss:0.2353 Acc:0.912 ROC:0.879 PR:0.390 | LR:2.15e-05
Epoch  60 | Train Loss:0.3777 Acc:0.852 F1:0.398 | Val Loss:0.3185 Acc:0.873 ROC:0.877 PR:0.389 | LR:2.07e-05
Epoch  61 | Train Loss:0.3765 Acc:0.852 F1:0.397 | Val Loss:0.2239 Acc:0.913 ROC:0.878 PR:0.413 | LR:1.98e-05
Epoch  62 | Train Loss:0.3750 Acc:0.852 F1:0.399 | Val Loss:0.3293 Acc:0.870 ROC:0.873 PR:0.406 | LR:1.90e-05
Epoch  63 | Train Loss:0.3737 Acc:0.853 F1:0.401 | Val Loss:0.3807 Acc:0.833 ROC:0.876 PR:0.400 | LR:1.81e-05
Epoch  64 | Train Loss:0.3706 Acc:0.856 F1:0.405 | Val Loss:0.3634 Acc:0.843 ROC:0.873 PR:0.393 | LR:1.73e-05
Epoch  65 | Train Loss:0.3707 Acc:0.855 F1:0.403 | Val Loss:0.2478 Acc:0.904 ROC:0.881 PR:0.387 | LR:1.65e-05
Epoch  66 | Train Loss:0.3694 Acc:0.855 F1:0.404 | Val Loss:0.2595 Acc:0.903 ROC:0.881 PR:0.408 | LR:1.57e-05
Epoch  67 | Train Loss:0.3675 Acc:0.855 F1:0.404 | Val Loss:0.2979 Acc:0.878 ROC:0.876 PR:0.407 | LR:1.49e-05
Epoch  68 | Train Loss:0.3674 Acc:0.856 F1:0.406 | Val Loss:0.3079 Acc:0.874 ROC:0.876 PR:0.406 | LR:1.41e-05
Epoch  69 | Train Loss:0.3656 Acc:0.856 F1:0.407 | Val Loss:0.3954 Acc:0.826 ROC:0.872 PR:0.412 | LR:1.33e-05
Epoch  70 | Train Loss:0.3649 Acc:0.857 F1:0.408 | Val Loss:0.3143 Acc:0.882 ROC:0.875 PR:0.390 | LR:1.25e-05
Epoch  71 | Train Loss:0.3629 Acc:0.857 F1:0.409 | Val Loss:0.3327 Acc:0.857 ROC:0.875 PR:0.413 | LR:1.18e-05
Epoch  72 | Train Loss:0.3613 Acc:0.858 F1:0.410 | Val Loss:0.3416 Acc:0.853 ROC:0.879 PR:0.426 | LR:1.10e-05
Epoch  73 | Train Loss:0.3601 Acc:0.859 F1:0.413 | Val Loss:0.2926 Acc:0.879 ROC:0.879 PR:0.424 | LR:1.03e-05
Epoch  74 | Train Loss:0.3589 Acc:0.860 F1:0.414 | Val Loss:0.3062 Acc:0.873 ROC:0.876 PR:0.419 | LR:9.63e-06
Epoch  75 | Train Loss:0.3570 Acc:0.859 F1:0.413 | Val Loss:0.3338 Acc:0.858 ROC:0.872 PR:0.423 | LR:8.95e-06
Epoch  76 | Train Loss:0.3569 Acc:0.860 F1:0.416 | Val Loss:0.2743 Acc:0.892 ROC:0.879 PR:0.408 | LR:8.29e-06
Epoch  77 | Train Loss:0.3549 Acc:0.861 F1:0.417 | Val Loss:0.3835 Acc:0.837 ROC:0.868 PR:0.395 | LR:7.65e-06
Epoch  78 | Train Loss:0.3556 Acc:0.861 F1:0.417 | Val Loss:0.2741 Acc:0.894 ROC:0.882 PR:0.424 | LR:7.03e-06
Epoch  79 | Train Loss:0.3549 Acc:0.860 F1:0.416 | Val Loss:0.3690 Acc:0.836 ROC:0.877 PR:0.436 | LR:6.44e-06
Epoch  80 | Train Loss:0.3529 Acc:0.863 F1:0.420 | Val Loss:0.2784 Acc:0.889 ROC:0.878 PR:0.428 | LR:5.86e-06
Epoch  81 | Train Loss:0.3526 Acc:0.863 F1:0.421 | Val Loss:0.3475 Acc:0.855 ROC:0.876 PR:0.410 | LR:5.32e-06
Epoch  82 | Train Loss:0.3513 Acc:0.863 F1:0.421 | Val Loss:0.3149 Acc:0.879 ROC:0.877 PR:0.406 | LR:4.79e-06
Epoch  83 | Train Loss:0.3505 Acc:0.863 F1:0.421 | Val Loss:0.2914 Acc:0.908 ROC:0.877 PR:0.399 | LR:4.29e-06
Epoch  84 | Train Loss:0.3503 Acc:0.863 F1:0.421 | Val Loss:0.3200 Acc:0.866 ROC:0.880 PR:0.433 | LR:3.81e-06
Epoch  85 | Train Loss:0.3498 Acc:0.864 F1:0.422 | Val Loss:0.3228 Acc:0.864 ROC:0.877 PR:0.432 | LR:3.36e-06
Epoch  86 | Train Loss:0.3491 Acc:0.863 F1:0.420 | Val Loss:0.3410 Acc:0.860 ROC:0.876 PR:0.422 | LR:2.94e-06
Epoch  87 | Train Loss:0.3471 Acc:0.864 F1:0.423 | Val Loss:0.3587 Acc:0.843 ROC:0.879 PR:0.426 | LR:2.54e-06
Epoch  88 | Train Loss:0.3466 Acc:0.864 F1:0.424 | Val Loss:0.3002 Acc:0.886 ROC:0.880 PR:0.422 | LR:2.17e-06
Epoch  89 | Train Loss:0.3458 Acc:0.865 F1:0.425 | Val Loss:0.3513 Acc:0.849 ROC:0.872 PR:0.428 | LR:1.83e-06
Epoch  90 | Train Loss:0.3466 Acc:0.865 F1:0.424 | Val Loss:0.2983 Acc:0.878 ROC:0.883 PR:0.440 | LR:1.52e-06
Epoch  91 | Train Loss:0.3466 Acc:0.865 F1:0.424 | Val Loss:0.3206 Acc:0.865 ROC:0.879 PR:0.435 | LR:1.23e-06
Epoch  92 | Train Loss:0.3439 Acc:0.866 F1:0.427 | Val Loss:0.2773 Acc:0.886 ROC:0.881 PR:0.445 | LR:9.77e-07
Epoch  93 | Train Loss:0.3443 Acc:0.864 F1:0.425 | Val Loss:0.3485 Acc:0.849 ROC:0.875 PR:0.435 | LR:7.50e-07
Epoch  94 | Train Loss:0.3442 Acc:0.864 F1:0.424 | Val Loss:0.3220 Acc:0.864 ROC:0.879 PR:0.435 | LR:5.53e-07
Epoch  95 | Train Loss:0.3453 Acc:0.865 F1:0.426 | Val Loss:0.3366 Acc:0.856 ROC:0.877 PR:0.442 | LR:3.85e-07
Epoch  96 | Train Loss:0.3440 Acc:0.864 F1:0.424 | Val Loss:0.3270 Acc:0.860 ROC:0.880 PR:0.436 | LR:2.48e-07
Epoch  97 | Train Loss:0.3446 Acc:0.865 F1:0.426 | Val Loss:0.3330 Acc:0.857 ROC:0.876 PR:0.441 | LR:1.40e-07
Epoch  98 | Train Loss:0.3448 Acc:0.865 F1:0.424 | Val Loss:0.3270 Acc:0.866 ROC:0.879 PR:0.433 | LR:6.33e-08
Epoch  99 | Train Loss:0.3443 Acc:0.865 F1:0.425 | Val Loss:0.3243 Acc:0.863 ROC:0.878 PR:0.437 | LR:1.65e-08
Epoch 100 | Train Loss:0.3443 Acc:0.865 F1:0.425 | Val Loss:0.3349 Acc:0.860 ROC:0.880 PR:0.431 | LR:2.20e-10

============================================================
VAL RESULTS
============================================================
ROC-AUC: 0.8828    PR-AUC: 0.4400

-- threshold = 0.50 --
seizure F1: 0.4019
              precision    recall  f1-score   support

      Normal     0.9765    0.8912    0.9319     92000
     Seizure     0.2869    0.6710    0.4019      6000

    accuracy                         0.8777     98000
   macro avg     0.6317    0.7811    0.6669     98000
weighted avg     0.9343    0.8777    0.8995     98000

-- threshold = 0.7011 (F1-optimal, from val) --
seizure F1: 0.4540
              precision    recall  f1-score   support

      Normal     0.9666    0.9554    0.9610     92000
     Seizure     0.4197    0.4943    0.4540      6000

    accuracy                         0.9272     98000
   macro avg     0.6932    0.7249    0.7075     98000
weighted avg     0.9331    0.9272    0.9300     98000


============================================================
EVAL RESULTS
============================================================
ROC-AUC: 0.8503    PR-AUC: 0.4287

-- threshold = 0.50 --
seizure F1: 0.3677
              precision    recall  f1-score   support

      Normal     0.9752    0.8480    0.9072    213306
     Seizure     0.2492    0.7008    0.3677     15361

    accuracy                         0.8381    228667
   macro avg     0.6122    0.7744    0.6374    228667
weighted avg     0.9265    0.8381    0.8709    228667

-- threshold = 0.7011 (F1-optimal, from val) --
seizure F1: 0.4440
              precision    recall  f1-score   support

      Normal     0.9662    0.9341    0.9499    213306
     Seizure     0.3739    0.5463    0.4440     15361

    accuracy                         0.9081    228667
   macro avg     0.6701    0.7402    0.6969    228667
weighted avg     0.9264    0.9081    0.9159    228667


✓ All outputs (model + history + results) saved to /home/abdulh/scratch/EEGdiff_V2/Binary_finetune_norl/run_norl_none_20260702_071546/
