Loading normalization stats...
  ✓ Loaded

============================================================
INDEXING DATA (sequential block-shuffle for train)
============================================================

✓ Train files 931 | 1,858,924 samples (normal 1,746,634 / seizure 112,290)
✓ Val   files 49 | 98,000 samples
✓ Eval  | 228,667 samples
✓ Steps/epoch 14,522 | class weights normal=0.532 seizure=8.277

Using device: cuda

Loading backbone...
Model initialized with 40,679,574 parameters
  ✓ Checkpoint loaded into backbone
  ✓ Backbone prepared | unfreeze='last_two_levels' | trainable backbone params: 10,640,128 (86 tensors)

  ✓ Optimizer: head/RL LR=5.00e-05, backbone LR=5.00e-06
============================================================
TRAINING
============================================================

Epoch   1 | Train Loss:0.5741 Acc:0.765 F1:0.171 | Val Loss:0.3984 Acc:0.849 ROC:0.801 PR:0.292 | LR:3.17e-06
Epoch   2 | Train Loss:0.4791 Acc:0.827 F1:0.228 | Val Loss:0.4195 Acc:0.835 ROC:0.845 PR:0.380 | LR:6.58e-06
Epoch   3 | Train Loss:0.4265 Acc:0.853 F1:0.270 | Val Loss:0.3434 Acc:0.865 ROC:0.874 PR:0.435 | LR:1.19e-05
Epoch   4 | Train Loss:0.3787 Acc:0.873 F1:0.314 | Val Loss:0.3229 Acc:0.869 ROC:0.900 PR:0.531 | LR:1.86e-05
Epoch   5 | Train Loss:0.3402 Acc:0.893 F1:0.358 | Val Loss:0.3072 Acc:0.876 ROC:0.901 PR:0.554 | LR:2.60e-05
Epoch   6 | Train Loss:0.2994 Acc:0.910 F1:0.408 | Val Loss:0.2748 Acc:0.889 ROC:0.925 PR:0.594 | LR:3.34e-05
Epoch   7 | Train Loss:0.2675 Acc:0.925 F1:0.456 | Val Loss:0.1999 Acc:0.929 ROC:0.924 PR:0.603 | LR:4.01e-05
Epoch   8 | Train Loss:0.2445 Acc:0.936 F1:0.502 | Val Loss:0.2071 Acc:0.924 ROC:0.916 PR:0.631 | LR:4.54e-05
Epoch   9 | Train Loss:0.2221 Acc:0.945 F1:0.546 | Val Loss:0.1979 Acc:0.932 ROC:0.929 PR:0.694 | LR:4.88e-05
Epoch  10 | Train Loss:0.2078 Acc:0.952 F1:0.583 | Val Loss:0.1618 Acc:0.947 ROC:0.923 PR:0.625 | LR:5.00e-05
Epoch  11 | Train Loss:0.1927 Acc:0.958 F1:0.621 | Val Loss:0.1350 Acc:0.960 ROC:0.944 PR:0.649 | LR:5.00e-05
Epoch  12 | Train Loss:0.1778 Acc:0.963 F1:0.652 | Val Loss:0.2194 Acc:0.926 ROC:0.932 PR:0.726 | LR:4.99e-05
Epoch  13 | Train Loss:0.1660 Acc:0.967 F1:0.685 | Val Loss:0.1438 Acc:0.956 ROC:0.942 PR:0.706 | LR:4.99e-05
Epoch  14 | Train Loss:0.1539 Acc:0.970 F1:0.714 | Val Loss:0.1514 Acc:0.954 ROC:0.934 PR:0.715 | LR:4.98e-05
Epoch  15 | Train Loss:0.1438 Acc:0.973 F1:0.739 | Val Loss:0.1486 Acc:0.958 ROC:0.943 PR:0.729 | LR:4.96e-05
Epoch  16 | Train Loss:0.1349 Acc:0.976 F1:0.765 | Val Loss:0.2033 Acc:0.944 ROC:0.929 PR:0.692 | LR:4.95e-05
Epoch  17 | Train Loss:0.1243 Acc:0.979 F1:0.787 | Val Loss:0.1765 Acc:0.946 ROC:0.939 PR:0.752 | LR:4.93e-05
Epoch  18 | Train Loss:0.1161 Acc:0.981 F1:0.807 | Val Loss:0.2678 Acc:0.928 ROC:0.926 PR:0.669 | LR:4.90e-05
Epoch  19 | Train Loss:0.1082 Acc:0.983 F1:0.825 | Val Loss:0.1705 Acc:0.963 ROC:0.940 PR:0.707 | LR:4.88e-05
Epoch  20 | Train Loss:0.1016 Acc:0.985 F1:0.845 | Val Loss:0.1609 Acc:0.964 ROC:0.940 PR:0.746 | LR:4.85e-05
Epoch  21 | Train Loss:0.0938 Acc:0.986 F1:0.860 | Val Loss:0.1768 Acc:0.959 ROC:0.943 PR:0.755 | LR:4.82e-05
Epoch  22 | Train Loss:0.0862 Acc:0.988 F1:0.878 | Val Loss:0.1728 Acc:0.967 ROC:0.936 PR:0.758 | LR:4.78e-05
Epoch  23 | Train Loss:0.0795 Acc:0.989 F1:0.892 | Val Loss:0.2101 Acc:0.957 ROC:0.945 PR:0.768 | LR:4.75e-05
Epoch  24 | Train Loss:0.0761 Acc:0.990 F1:0.903 | Val Loss:0.2165 Acc:0.959 ROC:0.938 PR:0.754 | LR:4.71e-05
Epoch  25 | Train Loss:0.0690 Acc:0.991 F1:0.913 | Val Loss:0.2255 Acc:0.967 ROC:0.939 PR:0.752 | LR:4.67e-05
Epoch  26 | Train Loss:0.0655 Acc:0.993 F1:0.925 | Val Loss:0.2243 Acc:0.969 ROC:0.936 PR:0.763 | LR:4.62e-05
Epoch  27 | Train Loss:0.0583 Acc:0.993 F1:0.934 | Val Loss:0.3332 Acc:0.966 ROC:0.921 PR:0.718 | LR:4.57e-05
Epoch  28 | Train Loss:0.0554 Acc:0.994 F1:0.943 | Val Loss:0.2697 Acc:0.968 ROC:0.931 PR:0.747 | LR:4.52e-05
Epoch  29 | Train Loss:0.0524 Acc:0.995 F1:0.949 | Val Loss:0.3202 Acc:0.968 ROC:0.932 PR:0.743 | LR:4.47e-05
Epoch  30 | Train Loss:0.0466 Acc:0.995 F1:0.955 | Val Loss:0.3264 Acc:0.968 ROC:0.930 PR:0.757 | LR:4.42e-05
Epoch  31 | Train Loss:0.0435 Acc:0.996 F1:0.959 | Val Loss:0.3322 Acc:0.971 ROC:0.941 PR:0.783 | LR:4.36e-05
Epoch  32 | Train Loss:0.0419 Acc:0.996 F1:0.963 | Val Loss:0.3829 Acc:0.966 ROC:0.944 PR:0.794 | LR:4.30e-05
Epoch  33 | Train Loss:0.0371 Acc:0.997 F1:0.968 | Val Loss:0.4691 Acc:0.968 ROC:0.930 PR:0.747 | LR:4.24e-05
