Loading normalization stats...
  ✓ Loaded

============================================================
INDEXING DATA (sequential block-shuffle for train)
============================================================

✓ Train files 931 | 1,858,924 samples (normal 1,746,634 / seizure 112,290)
✓ Val   files 49 | 98,000 samples
✓ Eval  | 228,667 samples
✓ Steps/epoch 7,261 | class weights normal=0.532 seizure=8.277

Using device: cuda

Loading backbone...
Model initialized with 40,679,574 parameters
  ✓ Checkpoint loaded into backbone
  ✓ Backbone prepared

============================================================
TRAINING
============================================================

Epoch   1 | Train Loss:0.6415 Acc:0.687 F1:0.134 | Val Loss:0.5314 Acc:0.770 ROC:0.741 PR:0.174 | LR:3.17e-06
Epoch   2 | Train Loss:0.5779 Acc:0.756 F1:0.163 | Val Loss:0.4555 Acc:0.851 ROC:0.766 PR:0.215 | LR:6.58e-06
Epoch   3 | Train Loss:0.5531 Acc:0.777 F1:0.176 | Val Loss:0.5169 Acc:0.777 ROC:0.784 PR:0.232 | LR:1.19e-05
Epoch   4 | Train Loss:0.5421 Acc:0.783 F1:0.182 | Val Loss:0.5543 Acc:0.738 ROC:0.791 PR:0.254 | LR:1.86e-05
Epoch   5 | Train Loss:0.5312 Acc:0.783 F1:0.188 | Val Loss:0.4096 Acc:0.875 ROC:0.797 PR:0.221 | LR:2.60e-05
Epoch   6 | Train Loss:0.5223 Acc:0.782 F1:0.193 | Val Loss:0.3363 Acc:0.871 ROC:0.816 PR:0.228 | LR:3.34e-05
Epoch   7 | Train Loss:0.5188 Acc:0.781 F1:0.196 | Val Loss:0.4485 Acc:0.856 ROC:0.825 PR:0.227 | LR:4.01e-05
Epoch   8 | Train Loss:0.5139 Acc:0.781 F1:0.200 | Val Loss:0.8398 Acc:0.491 ROC:0.776 PR:0.251 | LR:4.54e-05
Epoch   9 | Train Loss:0.5053 Acc:0.785 F1:0.205 | Val Loss:0.6066 Acc:0.683 ROC:0.805 PR:0.263 | LR:4.88e-05
Epoch  10 | Train Loss:0.5003 Acc:0.788 F1:0.208 | Val Loss:0.5620 Acc:0.730 ROC:0.815 PR:0.244 | LR:5.00e-05
Epoch  11 | Train Loss:0.4955 Acc:0.791 F1:0.212 | Val Loss:0.2948 Acc:0.897 ROC:0.838 PR:0.259 | LR:5.00e-05
Epoch  12 | Train Loss:0.4892 Acc:0.795 F1:0.215 | Val Loss:0.7438 Acc:0.568 ROC:0.806 PR:0.288 | LR:4.99e-05
Epoch  13 | Train Loss:0.4851 Acc:0.797 F1:0.218 | Val Loss:0.4126 Acc:0.842 ROC:0.831 PR:0.294 | LR:4.99e-05
Epoch  14 | Train Loss:0.4787 Acc:0.802 F1:0.222 | Val Loss:0.4273 Acc:0.855 ROC:0.822 PR:0.257 | LR:4.98e-05
Epoch  15 | Train Loss:0.4753 Acc:0.804 F1:0.224 | Val Loss:0.4857 Acc:0.766 ROC:0.849 PR:0.307 | LR:4.96e-05
Epoch  16 | Train Loss:0.4719 Acc:0.806 F1:0.229 | Val Loss:0.4003 Acc:0.836 ROC:0.835 PR:0.289 | LR:4.95e-05
Epoch  17 | Train Loss:0.4691 Acc:0.809 F1:0.231 | Val Loss:0.4255 Acc:0.824 ROC:0.831 PR:0.292 | LR:4.93e-05
Epoch  18 | Train Loss:0.4644 Acc:0.810 F1:0.232 | Val Loss:0.3732 Acc:0.862 ROC:0.825 PR:0.308 | LR:4.90e-05
Epoch  19 | Train Loss:0.4620 Acc:0.813 F1:0.234 | Val Loss:0.3243 Acc:0.898 ROC:0.829 PR:0.260 | LR:4.88e-05
Epoch  20 | Train Loss:0.4608 Acc:0.814 F1:0.237 | Val Loss:0.3518 Acc:0.874 ROC:0.835 PR:0.286 | LR:4.85e-05
Epoch  21 | Train Loss:0.4554 Acc:0.815 F1:0.239 | Val Loss:0.4524 Acc:0.804 ROC:0.837 PR:0.319 | LR:4.82e-05
Epoch  22 | Train Loss:0.4544 Acc:0.818 F1:0.241 | Val Loss:0.5074 Acc:0.758 ROC:0.837 PR:0.313 | LR:4.78e-05
Epoch  23 | Train Loss:0.4497 Acc:0.819 F1:0.243 | Val Loss:0.3875 Acc:0.843 ROC:0.853 PR:0.320 | LR:4.75e-05
Epoch  24 | Train Loss:0.4500 Acc:0.819 F1:0.246 | Val Loss:0.5155 Acc:0.754 ROC:0.848 PR:0.322 | LR:4.71e-05
Epoch  25 | Train Loss:0.4450 Acc:0.824 F1:0.247 | Val Loss:0.5273 Acc:0.739 ROC:0.853 PR:0.344 | LR:4.67e-05
Epoch  26 | Train Loss:0.4448 Acc:0.823 F1:0.248 | Val Loss:0.4492 Acc:0.803 ROC:0.846 PR:0.309 | LR:4.62e-05
Epoch  27 | Train Loss:0.4407 Acc:0.824 F1:0.251 | Val Loss:0.3151 Acc:0.887 ROC:0.841 PR:0.310 | LR:4.57e-05
Epoch  28 | Train Loss:0.4403 Acc:0.825 F1:0.251 | Val Loss:0.2592 Acc:0.917 ROC:0.854 PR:0.311 | LR:4.52e-05
Epoch  29 | Train Loss:0.4370 Acc:0.826 F1:0.253 | Val Loss:0.5547 Acc:0.725 ROC:0.834 PR:0.350 | LR:4.47e-05
Epoch  30 | Train Loss:0.4352 Acc:0.828 F1:0.255 | Val Loss:0.4422 Acc:0.803 ROC:0.853 PR:0.356 | LR:4.42e-05
Epoch  31 | Train Loss:0.4335 Acc:0.829 F1:0.257 | Val Loss:0.4327 Acc:0.814 ROC:0.851 PR:0.338 | LR:4.36e-05
Epoch  32 | Train Loss:0.4307 Acc:0.831 F1:0.259 | Val Loss:0.4727 Acc:0.784 ROC:0.853 PR:0.339 | LR:4.30e-05
Epoch  33 | Train Loss:0.4263 Acc:0.831 F1:0.260 | Val Loss:0.3400 Acc:0.873 ROC:0.844 PR:0.310 | LR:4.24e-05
Epoch  34 | Train Loss:0.4279 Acc:0.834 F1:0.262 | Val Loss:0.3121 Acc:0.877 ROC:0.857 PR:0.334 | LR:4.17e-05
Epoch  35 | Train Loss:0.4236 Acc:0.832 F1:0.264 | Val Loss:0.4390 Acc:0.818 ROC:0.839 PR:0.373 | LR:4.11e-05
Epoch  36 | Train Loss:0.4211 Acc:0.835 F1:0.265 | Val Loss:0.3430 Acc:0.879 ROC:0.859 PR:0.334 | LR:4.04e-05
Epoch  37 | Train Loss:0.4199 Acc:0.835 F1:0.267 | Val Loss:0.3780 Acc:0.838 ROC:0.860 PR:0.364 | LR:3.97e-05
Epoch  38 | Train Loss:0.4184 Acc:0.835 F1:0.268 | Val Loss:0.2465 Acc:0.917 ROC:0.863 PR:0.339 | LR:3.90e-05
Epoch  39 | Train Loss:0.4179 Acc:0.838 F1:0.269 | Val Loss:0.3702 Acc:0.838 ROC:0.868 PR:0.385 | LR:3.83e-05
Epoch  40 | Train Loss:0.4141 Acc:0.838 F1:0.271 | Val Loss:0.4895 Acc:0.817 ROC:0.836 PR:0.303 | LR:3.75e-05
Epoch  41 | Train Loss:0.4105 Acc:0.839 F1:0.272 | Val Loss:0.3039 Acc:0.886 ROC:0.875 PR:0.366 | LR:3.67e-05
Epoch  42 | Train Loss:0.4098 Acc:0.841 F1:0.275 | Val Loss:0.2661 Acc:0.911 ROC:0.865 PR:0.359 | LR:3.60e-05
Epoch  43 | Train Loss:0.4090 Acc:0.842 F1:0.277 | Val Loss:0.2839 Acc:0.904 ROC:0.854 PR:0.364 | LR:3.52e-05
Epoch  44 | Train Loss:0.4064 Acc:0.841 F1:0.276 | Val Loss:0.3023 Acc:0.884 ROC:0.870 PR:0.387 | LR:3.44e-05
Epoch  45 | Train Loss:0.4022 Acc:0.844 F1:0.279 | Val Loss:0.4874 Acc:0.785 ROC:0.825 PR:0.373 | LR:3.36e-05
Epoch  46 | Train Loss:0.4053 Acc:0.844 F1:0.279 | Val Loss:0.3175 Acc:0.873 ROC:0.864 PR:0.401 | LR:3.27e-05
Epoch  47 | Train Loss:0.4005 Acc:0.845 F1:0.282 | Val Loss:0.3571 Acc:0.853 ROC:0.852 PR:0.379 | LR:3.19e-05
Epoch  48 | Train Loss:0.3977 Acc:0.846 F1:0.284 | Val Loss:0.4133 Acc:0.826 ROC:0.864 PR:0.375 | LR:3.11e-05
Epoch  49 | Train Loss:0.3982 Acc:0.845 F1:0.284 | Val Loss:0.3509 Acc:0.859 ROC:0.871 PR:0.386 | LR:3.02e-05
Epoch  50 | Train Loss:0.3943 Acc:0.847 F1:0.286 | Val Loss:0.3370 Acc:0.865 ROC:0.877 PR:0.379 | LR:2.94e-05
Epoch  51 | Train Loss:0.3958 Acc:0.848 F1:0.287 | Val Loss:0.2826 Acc:0.894 ROC:0.872 PR:0.386 | LR:2.85e-05
Epoch  52 | Train Loss:0.3920 Acc:0.849 F1:0.289 | Val Loss:0.2877 Acc:0.893 ROC:0.872 PR:0.399 | LR:2.76e-05
