===== 1/3  Mumtaz2016: HEAD ONLY (frozen backbone + trained head) =====
Device: cuda
Classes (2): ['healthy', 'mdd']
Loading raw data...
  train (11566, 22, 1280)  test (3117, 22, 1280)
  normalization: /scratch/linah03/EpilepticSeizureProject/Dataset/external_processed/mumtaz2016/normalization
Loading frozen backbone...
Model initialized with 40,679,574 parameters
Extracting embeddings...
  embeddings: train (11566, 4800)  test (3117, 4800)
  class weights (power=1.0): healthy=1.06, mdd=0.95
Training head...
  early stop @ epoch 99 (best val macroF1 0.9576)

Binary (positive class = 'mdd'): ROC-AUC 0.8323  PR-AUC 0.8112

Test accuracy 0.7767  macro-F1 0.7578  weighted-F1 0.7645
              precision    recall  f1-score   support

     healthy     0.9204    0.5520    0.6901      1404
         mdd     0.7235    0.9609    0.8255      1713

    accuracy                         0.7767      3117
   macro avg     0.8220    0.7564    0.7578      3117
weighted avg     0.8122    0.7767    0.7645      3117

Confusion matrix ['healthy', 'mdd'] 
 [[ 775  629]
 [  67 1646]]

✓ saved -> /home/abdulh/scratch/EEGdiff_V2/Benchmarking/mumtaz_headonly_trainedhead_20260804_073444/

===== 2/3  Mumtaz2016: FULL finetune (unfreeze=all, no RL) =====
Device: cuda | unfreeze=all
Classes (2): ['healthy', 'mdd']
Loading data...
  train (11566, 22, 1280)  test (3117, 22, 1280)
  normalization: /scratch/linah03/EpilepticSeizureProject/Dataset/external_processed/mumtaz2016/normalization
Loading backbone...
Model initialized with 40,679,574 parameters
  trainable backbone params: 14,309,248
  class weights (power=1.0): healthy=1.06, mdd=0.95
Training...
  epoch   1/40 | val macroF1 0.6962
  epoch   2/40 | val macroF1 0.8488
  epoch   3/40 | val macroF1 0.8860
  epoch   4/40 | val macroF1 0.9484
  epoch   5/40 | val macroF1 0.9619
  epoch   6/40 | val macroF1 0.9688
  epoch   7/40 | val macroF1 0.9541
  epoch   8/40 | val macroF1 0.9722
  epoch   9/40 | val macroF1 0.9541
  epoch  10/40 | val macroF1 0.9693
  epoch  11/40 | val macroF1 0.9844
  epoch  12/40 | val macroF1 0.9774
  epoch  13/40 | val macroF1 0.9856
  epoch  14/40 | val macroF1 0.9879
  epoch  15/40 | val macroF1 0.9821
  epoch  16/40 | val macroF1 0.9746
  epoch  17/40 | val macroF1 0.9861
  epoch  18/40 | val macroF1 0.9821
  epoch  19/40 | val macroF1 0.9867
  epoch  20/40 | val macroF1 0.9884
  epoch  21/40 | val macroF1 0.9844
  epoch  22/40 | val macroF1 0.9902
  epoch  23/40 | val macroF1 0.9873
  epoch  24/40 | val macroF1 0.9879
  epoch  25/40 | val macroF1 0.9902
  epoch  26/40 | val macroF1 0.9890
  epoch  27/40 | val macroF1 0.9879
  epoch  28/40 | val macroF1 0.9908
  epoch  29/40 | val macroF1 0.9890
  epoch  30/40 | val macroF1 0.9896
  epoch  31/40 | val macroF1 0.9902
  epoch  32/40 | val macroF1 0.9890
  epoch  33/40 | val macroF1 0.9890
  epoch  34/40 | val macroF1 0.9908
  epoch  35/40 | val macroF1 0.9908
  epoch  36/40 | val macroF1 0.9902
  epoch  37/40 | val macroF1 0.9902
  epoch  38/40 | val macroF1 0.9890
  epoch  39/40 | val macroF1 0.9890
  epoch  40/40 | val macroF1 0.9902

Test accuracy 0.7889  macro-F1 0.7692  weighted-F1 0.7759
              precision    recall  f1-score   support

     healthy     0.9651    0.5513    0.7017      1404
         mdd     0.7279    0.9837    0.8366      1713

    accuracy                         0.7889      3117
   macro avg     0.8465    0.7675    0.7692      3117
weighted avg     0.8347    0.7889    0.7759      3117

Confusion matrix ['healthy', 'mdd'] 
 [[ 774  630]
 [  28 1685]]

✓ saved -> /home/abdulh/scratch/EEGdiff_V2/Benchmarking/mumtaz_finetuned_all_20260804_075845/

===== 3/3  Mumtaz2016: FULL finetune + RL =====
Device: cuda | unfreeze=all | +RL (rl_weight=0.1)
Classes (2): ['healthy', 'mdd']
Loading data...
  train (11566, 22, 1280)  test (3117, 22, 1280)
  normalization: /scratch/linah03/EpilepticSeizureProject/Dataset/external_processed/mumtaz2016/normalization
Loading backbone...
Model initialized with 40,679,574 parameters
  trainable backbone params: 14,309,248
  class weights (power=0.5): healthy=1.03, mdd=0.97
Training...
  epoch   1/40 | val macroF1 0.8556
  epoch   2/40 | val macroF1 0.7242
  epoch   3/40 | val macroF1 0.7524
  epoch   4/40 | val macroF1 0.9030
  epoch   5/40 | val macroF1 0.9682
  epoch   6/40 | val macroF1 0.9536
  epoch   7/40 | val macroF1 0.9716
  epoch   8/40 | val macroF1 0.9722
  epoch   9/40 | val macroF1 0.9798
  epoch  10/40 | val macroF1 0.9710
  epoch  11/40 | val macroF1 0.9752
  epoch  12/40 | val macroF1 0.9821
  epoch  13/40 | val macroF1 0.9704
  epoch  14/40 | val macroF1 0.9815
  epoch  15/40 | val macroF1 0.9780
  epoch  16/40 | val macroF1 0.9850
  epoch  17/40 | val macroF1 0.9833
  epoch  18/40 | val macroF1 0.9856
  epoch  19/40 | val macroF1 0.9809
  epoch  20/40 | val macroF1 0.9821
  epoch  21/40 | val macroF1 0.9850
  epoch  22/40 | val macroF1 0.9832
  epoch  23/40 | val macroF1 0.9861
  epoch  24/40 | val macroF1 0.9815
  epoch  25/40 | val macroF1 0.9850
  epoch  26/40 | val macroF1 0.9838
  epoch  27/40 | val macroF1 0.9850
  epoch  28/40 | val macroF1 0.9844
  epoch  29/40 | val macroF1 0.9838
  epoch  30/40 | val macroF1 0.9850
  epoch  31/40 | val macroF1 0.9850
  epoch  32/40 | val macroF1 0.9844
  epoch  33/40 | val macroF1 0.9844
  early stop @ epoch 33

Test accuracy 0.7850  macro-F1 0.7638  weighted-F1 0.7708
              precision    recall  f1-score   support

     healthy     0.9717    0.5385    0.6929      1404
         mdd     0.7230    0.9872    0.8346      1713

    accuracy                         0.7850      3117
   macro avg     0.8473    0.7628    0.7638      3117
weighted avg     0.8350    0.7850    0.7708      3117

Confusion matrix ['healthy', 'mdd'] 
 [[ 756  648]
 [  22 1691]]

✓ saved -> /home/abdulh/scratch/EEGdiff_V2/Benchmarking/mumtaz_finetuned_all_RL_20260804_081855/
