119 recordings from 63 subjects; conditions ['EC', 'EO']
test subjects (13): [('H', 25), ('H', 26), ('H', 27), ('H', 28), ('H', 29), ('H', 30), ('MDD', 28), ('MDD', 29), ('MDD', 30), ('MDD', 31), ('MDD', 32), ('MDD', 33), ('MDD', 34)]
  H   S01 EC   [train] ->   60 windows (19/22 channels, missing ['A1', 'A2', 'ROC'])
  H   S01 EO   [train] ->   70 windows (19/22 channels, missing ['A1', 'A2', 'ROC'])
  H   S10 EC   [train] ->   75 windows (19/22 channels, missing ['A1', 'A2', 'ROC'])
  H   S10 EO   [train] ->   60 windows (19/22 channels, missing ['A1', 'A2', 'ROC'])
  H   S11 EC   [train] ->   60 windows (19/22 channels, missing ['A1', 'A2', 'ROC'])
  H   S11 EO   [train] ->   60 windows (19/22 channels, missing ['A1', 'A2', 'ROC'])
  H   S12 EO   [train] ->   60 windows (19/22 channels, missing ['A1', 'A2', 'ROC'])
  H   S13 EC   [train] ->   60 windows (19/22 channels, missing ['A1', 'A2', 'ROC'])
  H   S13 EO   [train] ->   60 windows (19/22 channels, missing ['A1', 'A2', 'ROC'])
  H   S14 EC   [train] ->   60 windows (19/22 channels, missing ['A1', 'A2', 'ROC'])
  H   S14 EO   [train] ->   38 windows (19/22 channels, missing ['A1', 'A2', 'ROC'])
  H   S15 EC   [train] ->   60 windows (19/22 channels, missing ['A1', 'A2', 'ROC'])
  H   S15 EO   [train] ->   60 windows (19/22 channels, missing ['A1', 'A2', 'ROC'])
  H   S16 EC   [train] ->   58 windows (19/22 channels, missing ['A1', 'A2', 'ROC'])
  H   S16 EO   [train] ->   59 windows (19/22 channels, missing ['A1', 'A2', 'ROC'])
  H   S17 EC   [train] ->   61 windows (19/22 channels, missing ['A1', 'A2', 'ROC'])
  H   S17 EO   [train] ->   60 windows (19/22 channels, missing ['A1', 'A2', 'ROC'])
  H   S18 EO   [train] ->   60 windows (19/22 channels, missing ['A1', 'A2', 'ROC'])
  H   S19 EC   [train] ->   60 windows (19/22 channels, missing ['A1', 'A2', 'ROC'])
  H   S19 EO   [train] ->   60 windows (19/22 channels, missing ['A1', 'A2', 'ROC'])
  H   S02 EC   [train] ->   60 windows (19/22 channels, missing ['A1', 'A2', 'ROC'])
  H   S02 EO   [train] ->   60 windows (19/22 channels, missing ['A1', 'A2', 'ROC'])
  H   S20 EC   [train] ->   61 windows (19/22 channels, missing ['A1', 'A2', 'ROC'])
  H   S20 EO   [train] ->   64 windows (19/22 channels, missing ['A1', 'A2', 'ROC'])
  H   S21 EC   [train] ->   60 windows (19/22 channels, missing ['A1', 'A2', 'ROC'])
  H   S21 EO   [train] ->   61 windows (19/22 channels, missing ['A1', 'A2', 'ROC'])
  H   S22 EC   [train] ->   60 windows (19/22 channels, missing ['A1', 'A2', 'ROC'])
  H   S22 EO   [train] ->   59 windows (19/22 channels, missing ['A1', 'A2', 'ROC'])
  H   S23 EC   [train] ->   60 windows (19/22 channels, missing ['A1', 'A2', 'ROC'])
  H   S23 EO   [train] ->   60 windows (19/22 channels, missing ['A1', 'A2', 'ROC'])
  H   S24 EC   [train] ->   59 windows (19/22 channels, missing ['A1', 'A2', 'ROC'])
  H   S24 EO   [train] ->   59 windows (19/22 channels, missing ['A1', 'A2', 'ROC'])
  H   S25 EC   [test ] ->   60 windows (19/22 channels, missing ['A1', 'A2', 'ROC'])
  H   S26 EC   [test ] ->   60 windows (19/22 channels, missing ['A1', 'A2', 'ROC'])
  H   S26 EO   [test ] ->   61 windows (19/22 channels, missing ['A1', 'A2', 'ROC'])
  H   S27 EC   [test ] ->   60 windows (19/22 channels, missing ['A1', 'A2', 'ROC'])
  H   S27 EO   [test ] ->   60 windows (19/22 channels, missing ['A1', 'A2', 'ROC'])
  H   S28 EC   [test ] ->   60 windows (19/22 channels, missing ['A1', 'A2', 'ROC'])
  H   S28 EO   [test ] ->   59 windows (19/22 channels, missing ['A1', 'A2', 'ROC'])
  H   S29 EC   [test ] ->   60 windows (19/22 channels, missing ['A1', 'A2', 'ROC'])
  H   S29 EO   [test ] ->   60 windows (19/22 channels, missing ['A1', 'A2', 'ROC'])
  H   S03 EC   [train] ->   60 windows (19/22 channels, missing ['A1', 'A2', 'ROC'])
  H   S03 EO   [train] ->   61 windows (19/22 channels, missing ['A1', 'A2', 'ROC'])
  H   S30 EC   [test ] ->   60 windows (19/22 channels, missing ['A1', 'A2', 'ROC'])
  H   S30 EO   [test ] ->   60 windows (19/22 channels, missing ['A1', 'A2', 'ROC'])
  H   S04 EC   [train] ->   60 windows (19/22 channels, missing ['A1', 'A2', 'ROC'])
  H   S04 EO   [train] ->   59 windows (19/22 channels, missing ['A1', 'A2', 'ROC'])
  H   S05 EC   [train] ->   60 windows (19/22 channels, missing ['A1', 'A2', 'ROC'])
  H   S05 EO   [train] ->   62 windows (19/22 channels, missing ['A1', 'A2', 'ROC'])
  H   S06 EC   [train] ->   60 windows (19/22 channels, missing ['A1', 'A2', 'ROC'])
  H   S06 EO   [train] ->   60 windows (19/22 channels, missing ['A1', 'A2', 'ROC'])
  H   S07 EC   [train] ->   71 windows (19/22 channels, missing ['A1', 'A2', 'ROC'])
  H   S07 EO   [train] ->   60 windows (19/22 channels, missing ['A1', 'A2', 'ROC'])
  H   S08 EC   [train] ->   60 windows (19/22 channels, missing ['A1', 'A2', 'ROC'])
  H   S08 EO   [train] ->   60 windows (19/22 channels, missing ['A1', 'A2', 'ROC'])
  H   S09 EC   [train] ->   60 windows (19/22 channels, missing ['A1', 'A2', 'ROC'])
  H   S09 EO   [train] ->   60 windows (19/22 channels, missing ['A1', 'A2', 'ROC'])
  MDD S01 EO   [train] ->   60 windows (19/22 channels, missing ['A1', 'A2', 'ROC'])
  MDD S01 EC   [train] ->   60 windows (19/22 channels, missing ['A1', 'A2', 'ROC'])
  MDD S10 EC   [train] ->   60 windows (19/22 channels, missing ['A1', 'A2', 'ROC'])
  MDD S10 EO   [train] ->   60 windows (19/22 channels, missing ['A1', 'A2', 'ROC'])
  MDD S11 EC   [train] ->   59 windows (19/22 channels, missing ['A1', 'A2', 'ROC'])
  MDD S11 EO   [train] ->   59 windows (19/22 channels, missing ['A1', 'A2', 'ROC'])
  MDD S12 EO   [train] ->   37 windows (19/22 channels, missing ['A1', 'A2', 'ROC'])
  MDD S13 EC   [train] ->   60 windows (19/22 channels, missing ['A1', 'A2', 'ROC'])
  MDD S13 EO   [train] ->   62 windows (19/22 channels, missing ['A1', 'A2', 'ROC'])
  MDD S14 EC   [train] ->   60 windows (19/22 channels, missing ['A1', 'A2', 'ROC'])
  MDD S14 EO   [train] ->   60 windows (19/22 channels, missing ['A1', 'A2', 'ROC'])
  MDD S15 EC   [train] ->   60 windows (19/22 channels, missing ['A1', 'A2', 'ROC'])
  MDD S15 EO   [train] ->   60 windows (19/22 channels, missing ['A1', 'A2', 'ROC'])
  MDD S16 EO   [train] ->   59 windows (19/22 channels, missing ['A1', 'A2', 'ROC'])
  MDD S17 EC   [train] ->   59 windows (19/22 channels, missing ['A1', 'A2', 'ROC'])
  MDD S17 EO   [train] ->   59 windows (19/22 channels, missing ['A1', 'A2', 'ROC'])
  MDD S18 EC   [train] ->   60 windows (19/22 channels, missing ['A1', 'A2', 'ROC'])
  MDD S18 EO   [train] ->   60 windows (19/22 channels, missing ['A1', 'A2', 'ROC'])
  MDD S19 EC   [train] ->   59 windows (19/22 channels, missing ['A1', 'A2', 'ROC'])
  MDD S19 EO   [train] ->   59 windows (19/22 channels, missing ['A1', 'A2', 'ROC'])
  MDD S02 EC   [train] ->   59 windows (19/22 channels, missing ['A1', 'A2', 'ROC'])
  MDD S02 EO   [train] ->   59 windows (19/22 channels, missing ['A1', 'A2', 'ROC'])
  MDD S20 EC   [train] ->   59 windows (19/22 channels, missing ['A1', 'A2', 'ROC'])
  MDD S20 EO   [train] ->   60 windows (19/22 channels, missing ['A1', 'A2', 'ROC'])
  MDD S21 EC   [train] ->   60 windows (19/22 channels, missing ['A1', 'A2', 'ROC'])
  MDD S21 EO   [train] ->   60 windows (19/22 channels, missing ['A1', 'A2', 'ROC'])
  MDD S22 EC   [train] ->   59 windows (19/22 channels, missing ['A1', 'A2', 'ROC'])
  MDD S22 EO   [train] ->   59 windows (19/22 channels, missing ['A1', 'A2', 'ROC'])
  MDD S23 EC   [train] ->   60 windows (19/22 channels, missing ['A1', 'A2', 'ROC'])
  MDD S23 EO   [train] ->   61 windows (19/22 channels, missing ['A1', 'A2', 'ROC'])
  MDD S24 EC   [train] ->   60 windows (19/22 channels, missing ['A1', 'A2', 'ROC'])
  MDD S24 EO   [train] ->   60 windows (19/22 channels, missing ['A1', 'A2', 'ROC'])
  MDD S25 EC   [train] ->   60 windows (19/22 channels, missing ['A1', 'A2', 'ROC'])
  MDD S25 EO   [train] ->   60 windows (19/22 channels, missing ['A1', 'A2', 'ROC'])
  MDD S26 EC   [train] ->   60 windows (19/22 channels, missing ['A1', 'A2', 'ROC'])
  MDD S26 EO   [train] ->   60 windows (19/22 channels, missing ['A1', 'A2', 'ROC'])
  MDD S27 EC   [train] ->   60 windows (19/22 channels, missing ['A1', 'A2', 'ROC'])
  MDD S27 EO   [train] ->   59 windows (19/22 channels, missing ['A1', 'A2', 'ROC'])
  MDD S28 EC   [test ] ->   60 windows (19/22 channels, missing ['A1', 'A2', 'ROC'])
  MDD S28 EO   [test ] ->   60 windows (19/22 channels, missing ['A1', 'A2', 'ROC'])
  MDD S29 EC   [test ] ->   60 windows (19/22 channels, missing ['A1', 'A2', 'ROC'])
  MDD S29 EO   [test ] ->   60 windows (19/22 channels, missing ['A1', 'A2', 'ROC'])
  MDD S03 EC   [train] ->   36 windows (19/22 channels, missing ['A1', 'A2', 'ROC'])
  MDD S03 EO   [train] ->   60 windows (19/22 channels, missing ['A1', 'A2', 'ROC'])
  MDD S30 EC   [test ] ->   48 windows (19/22 channels, missing ['A1', 'A2', 'ROC'])
  MDD S30 EO   [test ] ->   60 windows (19/22 channels, missing ['A1', 'A2', 'ROC'])
  MDD S31 EC   [test ] ->   60 windows (19/22 channels, missing ['A1', 'A2', 'ROC'])
  MDD S31 EO   [test ] ->   60 windows (19/22 channels, missing ['A1', 'A2', 'ROC'])
  MDD S32 EC   [test ] ->   59 windows (19/22 channels, missing ['A1', 'A2', 'ROC'])
  MDD S32 EO   [test ] ->   60 windows (19/22 channels, missing ['A1', 'A2', 'ROC'])
  MDD S33 EC   [test ] ->   59 windows (19/22 channels, missing ['A1', 'A2', 'ROC'])
  MDD S33 EO   [test ] ->   59 windows (19/22 channels, missing ['A1', 'A2', 'ROC'])
  MDD S34 EC   [test ] ->   59 windows (19/22 channels, missing ['A1', 'A2', 'ROC'])
  MDD S34 EO   [test ] ->   59 windows (19/22 channels, missing ['A1', 'A2', 'ROC'])
  MDD S04 EO   [train] ->   60 windows (19/22 channels, missing ['A1', 'A2', 'ROC'])
  MDD S05 EC   [train] ->   60 windows (19/22 channels, missing ['A1', 'A2', 'ROC'])
  MDD S05 EO   [train] ->   60 windows (19/22 channels, missing ['A1', 'A2', 'ROC'])
  MDD S06 EC   [train] ->   60 windows (19/22 channels, missing ['A1', 'A2', 'ROC'])
  MDD S06 EO   [train] ->   60 windows (19/22 channels, missing ['A1', 'A2', 'ROC'])
  MDD S07 EC   [train] ->   60 windows (19/22 channels, missing ['A1', 'A2', 'ROC'])
  MDD S09 EC   [train] ->   60 windows (19/22 channels, missing ['A1', 'A2', 'ROC'])
  MDD S09 EO   [train] ->   60 windows (19/22 channels, missing ['A1', 'A2', 'ROC'])

Window counts:
  test-healthy :    660
  test-mdd     :    823
  train-healthy :   2777
  train-mdd     :   2823

TOTAL windows: 7083
Normalization (Mumtaz's OWN) -> /scratch/linah03/EpilepticSeizureProject/Dataset/external_processed/mumtaz2016_matched/normalization
  mean[:4] [-0.e+00 -0.e+00 -0.e+00 -1.e-08]
  std[:4]  [2.128e-05 1.680e-05 1.040e-05 8.310e-06]

Saved -> /scratch/linah03/EpilepticSeizureProject/Dataset/external_processed/mumtaz2016_matched/
