180 recordings from 64 subjects; conditions ['EC', 'EO', 'TASK']
test subjects (13): [('H', 25), ('H', 26), ('H', 27), ('H', 28), ('H', 29), ('H', 30), ('MDD', 28), ('MDD', 29), ('MDD', 30), ('MDD', 31), ('MDD', 32), ('MDD', 33), ('MDD', 34)]
  H   S01 EC   [train] ->   60 windows (19/22 channels, missing ['A1', 'A2', 'ROC'])
  H   S01 EO   [train] ->   70 windows (19/22 channels, missing ['A1', 'A2', 'ROC'])
  H   S01 TASK [train] ->  121 windows (19/22 channels, missing ['A1', 'A2', 'ROC'])
  H   S10 EC   [train] ->   75 windows (19/22 channels, missing ['A1', 'A2', 'ROC'])
  H   S10 EO   [train] ->   60 windows (19/22 channels, missing ['A1', 'A2', 'ROC'])
  H   S10 TASK [train] ->  121 windows (19/22 channels, missing ['A1', 'A2', 'ROC'])
  H   S11 EC   [train] ->   60 windows (19/22 channels, missing ['A1', 'A2', 'ROC'])
  H   S11 EO   [train] ->   60 windows (19/22 channels, missing ['A1', 'A2', 'ROC'])
  H   S11 TASK [train] ->  121 windows (19/22 channels, missing ['A1', 'A2', 'ROC'])
  H   S12 EO   [train] ->   60 windows (19/22 channels, missing ['A1', 'A2', 'ROC'])
  H   S12 TASK [train] ->  121 windows (19/22 channels, missing ['A1', 'A2', 'ROC'])
  H   S13 EC   [train] ->   60 windows (19/22 channels, missing ['A1', 'A2', 'ROC'])
  H   S13 EO   [train] ->   60 windows (19/22 channels, missing ['A1', 'A2', 'ROC'])
  H   S13 TASK [train] ->  122 windows (19/22 channels, missing ['A1', 'A2', 'ROC'])
  H   S14 EC   [train] ->   60 windows (19/22 channels, missing ['A1', 'A2', 'ROC'])
  H   S14 EO   [train] ->   38 windows (19/22 channels, missing ['A1', 'A2', 'ROC'])
  H   S14 TASK [train] ->  121 windows (19/22 channels, missing ['A1', 'A2', 'ROC'])
  H   S15 EC   [train] ->   60 windows (19/22 channels, missing ['A1', 'A2', 'ROC'])
  H   S15 EO   [train] ->   60 windows (19/22 channels, missing ['A1', 'A2', 'ROC'])
  H   S15 TASK [train] ->  122 windows (19/22 channels, missing ['A1', 'A2', 'ROC'])
  H   S16 EC   [train] ->   58 windows (19/22 channels, missing ['A1', 'A2', 'ROC'])
  H   S16 EO   [train] ->   59 windows (19/22 channels, missing ['A1', 'A2', 'ROC'])
  H   S16 TASK [train] ->  126 windows (19/22 channels, missing ['A1', 'A2', 'ROC'])
  H   S17 EC   [train] ->   61 windows (19/22 channels, missing ['A1', 'A2', 'ROC'])
  H   S17 EO   [train] ->   60 windows (19/22 channels, missing ['A1', 'A2', 'ROC'])
  H   S17 TASK [train] ->  121 windows (19/22 channels, missing ['A1', 'A2', 'ROC'])
  H   S18 EO   [train] ->   60 windows (19/22 channels, missing ['A1', 'A2', 'ROC'])
  H   S18 TASK [train] ->  121 windows (19/22 channels, missing ['A1', 'A2', 'ROC'])
  H   S19 EC   [train] ->   60 windows (19/22 channels, missing ['A1', 'A2', 'ROC'])
  H   S19 EO   [train] ->   60 windows (19/22 channels, missing ['A1', 'A2', 'ROC'])
  H   S19 TASK [train] ->  121 windows (19/22 channels, missing ['A1', 'A2', 'ROC'])
  H   S02 EC   [train] ->   60 windows (19/22 channels, missing ['A1', 'A2', 'ROC'])
  H   S02 EO   [train] ->   60 windows (19/22 channels, missing ['A1', 'A2', 'ROC'])
  H   S02 TASK [train] ->  121 windows (19/22 channels, missing ['A1', 'A2', 'ROC'])
  H   S20 EC   [train] ->   61 windows (19/22 channels, missing ['A1', 'A2', 'ROC'])
  H   S20 EO   [train] ->   64 windows (19/22 channels, missing ['A1', 'A2', 'ROC'])
  H   S21 EC   [train] ->   60 windows (19/22 channels, missing ['A1', 'A2', 'ROC'])
  H   S21 EO   [train] ->   61 windows (19/22 channels, missing ['A1', 'A2', 'ROC'])
  H   S22 EC   [train] ->   60 windows (19/22 channels, missing ['A1', 'A2', 'ROC'])
  H   S22 EO   [train] ->   59 windows (19/22 channels, missing ['A1', 'A2', 'ROC'])
  H   S22 TASK [train] ->  120 windows (19/22 channels, missing ['A1', 'A2', 'ROC'])
  H   S23 EC   [train] ->   60 windows (19/22 channels, missing ['A1', 'A2', 'ROC'])
  H   S23 EO   [train] ->   60 windows (19/22 channels, missing ['A1', 'A2', 'ROC'])
  H   S23 TASK [train] ->  124 windows (19/22 channels, missing ['A1', 'A2', 'ROC'])
  H   S24 EC   [train] ->   59 windows (19/22 channels, missing ['A1', 'A2', 'ROC'])
  H   S24 EO   [train] ->   59 windows (19/22 channels, missing ['A1', 'A2', 'ROC'])
  H   S24 TASK [train] ->  128 windows (19/22 channels, missing ['A1', 'A2', 'ROC'])
  H   S25 EC   [test ] ->   60 windows (19/22 channels, missing ['A1', 'A2', 'ROC'])
  H   S25 TASK [test ] ->  128 windows (19/22 channels, missing ['A1', 'A2', 'ROC'])
  H   S26 EC   [test ] ->   60 windows (19/22 channels, missing ['A1', 'A2', 'ROC'])
  H   S26 EO   [test ] ->   61 windows (19/22 channels, missing ['A1', 'A2', 'ROC'])
  H   S26 TASK [test ] ->  122 windows (19/22 channels, missing ['A1', 'A2', 'ROC'])
  H   S27 EC   [test ] ->   60 windows (19/22 channels, missing ['A1', 'A2', 'ROC'])
  H   S27 EO   [test ] ->   60 windows (19/22 channels, missing ['A1', 'A2', 'ROC'])
  H   S27 TASK [test ] ->  126 windows (19/22 channels, missing ['A1', 'A2', 'ROC'])
  H   S28 EC   [test ] ->   60 windows (19/22 channels, missing ['A1', 'A2', 'ROC'])
  H   S28 EO   [test ] ->   59 windows (19/22 channels, missing ['A1', 'A2', 'ROC'])
  H   S28 TASK [test ] ->  121 windows (19/22 channels, missing ['A1', 'A2', 'ROC'])
  H   S29 EC   [test ] ->   60 windows (19/22 channels, missing ['A1', 'A2', 'ROC'])
  H   S29 EO   [test ] ->   60 windows (19/22 channels, missing ['A1', 'A2', 'ROC'])
  H   S29 TASK [test ] ->  121 windows (19/22 channels, missing ['A1', 'A2', 'ROC'])
  H   S03 EC   [train] ->   60 windows (19/22 channels, missing ['A1', 'A2', 'ROC'])
  H   S03 EO   [train] ->   61 windows (19/22 channels, missing ['A1', 'A2', 'ROC'])
  H   S03 TASK [train] ->  121 windows (19/22 channels, missing ['A1', 'A2', 'ROC'])
  H   S30 EC   [test ] ->   60 windows (19/22 channels, missing ['A1', 'A2', 'ROC'])
  H   S30 EO   [test ] ->   60 windows (19/22 channels, missing ['A1', 'A2', 'ROC'])
  H   S30 TASK [test ] ->  126 windows (19/22 channels, missing ['A1', 'A2', 'ROC'])
  H   S04 EC   [train] ->   60 windows (19/22 channels, missing ['A1', 'A2', 'ROC'])
  H   S04 EO   [train] ->   59 windows (19/22 channels, missing ['A1', 'A2', 'ROC'])
  H   S04 TASK [train] ->  121 windows (19/22 channels, missing ['A1', 'A2', 'ROC'])
  H   S05 EC   [train] ->   60 windows (19/22 channels, missing ['A1', 'A2', 'ROC'])
  H   S05 EO   [train] ->   62 windows (19/22 channels, missing ['A1', 'A2', 'ROC'])
  H   S05 TASK [train] ->  122 windows (19/22 channels, missing ['A1', 'A2', 'ROC'])
  H   S06 EC   [train] ->   60 windows (19/22 channels, missing ['A1', 'A2', 'ROC'])
  H   S06 EO   [train] ->   60 windows (19/22 channels, missing ['A1', 'A2', 'ROC'])
  H   S06 TASK [train] ->  122 windows (19/22 channels, missing ['A1', 'A2', 'ROC'])
  H   S07 EC   [train] ->   71 windows (19/22 channels, missing ['A1', 'A2', 'ROC'])
  H   S07 EO   [train] ->   60 windows (19/22 channels, missing ['A1', 'A2', 'ROC'])
  H   S07 TASK [train] ->  121 windows (19/22 channels, missing ['A1', 'A2', 'ROC'])
  H   S08 EC   [train] ->   60 windows (19/22 channels, missing ['A1', 'A2', 'ROC'])
  H   S08 EO   [train] ->   60 windows (19/22 channels, missing ['A1', 'A2', 'ROC'])
  H   S08 TASK [train] ->  121 windows (19/22 channels, missing ['A1', 'A2', 'ROC'])
  H   S09 EC   [train] ->   60 windows (19/22 channels, missing ['A1', 'A2', 'ROC'])
  H   S09 EO   [train] ->   60 windows (19/22 channels, missing ['A1', 'A2', 'ROC'])
  H   S09 TASK [train] ->  120 windows (19/22 channels, missing ['A1', 'A2', 'ROC'])
  MDD S01 EO   [train] ->   60 windows (19/22 channels, missing ['A1', 'A2', 'ROC'])
  MDD S01 EC   [train] ->   60 windows (19/22 channels, missing ['A1', 'A2', 'ROC'])
  MDD S01 TASK [train] ->  126 windows (19/22 channels, missing ['A1', 'A2', 'ROC'])
  MDD S10 EC   [train] ->   60 windows (19/22 channels, missing ['A1', 'A2', 'ROC'])
  MDD S10 EO   [train] ->   60 windows (19/22 channels, missing ['A1', 'A2', 'ROC'])
  MDD S10 TASK [train] ->  137 windows (19/22 channels, missing ['A1', 'A2', 'ROC'])
  MDD S11 EC   [train] ->   59 windows (19/22 channels, missing ['A1', 'A2', 'ROC'])
  MDD S11 EO   [train] ->   59 windows (19/22 channels, missing ['A1', 'A2', 'ROC'])
  MDD S11 TASK [train] ->  127 windows (19/22 channels, missing ['A1', 'A2', 'ROC'])
  MDD S12 EO   [train] ->   37 windows (19/22 channels, missing ['A1', 'A2', 'ROC'])
  MDD S12 TASK [train] ->  129 windows (19/22 channels, missing ['A1', 'A2', 'ROC'])
  MDD S13 EC   [train] ->   60 windows (19/22 channels, missing ['A1', 'A2', 'ROC'])
  MDD S13 EO   [train] ->   62 windows (19/22 channels, missing ['A1', 'A2', 'ROC'])
  MDD S13 TASK [train] ->  126 windows (19/22 channels, missing ['A1', 'A2', 'ROC'])
  MDD S14 EC   [train] ->   60 windows (19/22 channels, missing ['A1', 'A2', 'ROC'])
  MDD S14 EO   [train] ->   60 windows (19/22 channels, missing ['A1', 'A2', 'ROC'])
  MDD S14 TASK [train] ->  127 windows (19/22 channels, missing ['A1', 'A2', 'ROC'])
  MDD S15 EC   [train] ->   60 windows (19/22 channels, missing ['A1', 'A2', 'ROC'])
  MDD S15 EO   [train] ->   60 windows (19/22 channels, missing ['A1', 'A2', 'ROC'])
  MDD S15 TASK [train] ->  125 windows (19/22 channels, missing ['A1', 'A2', 'ROC'])
  MDD S16 EO   [train] ->   59 windows (19/22 channels, missing ['A1', 'A2', 'ROC'])
  MDD S16 TASK [train] ->  127 windows (19/22 channels, missing ['A1', 'A2', 'ROC'])
  MDD S17 EC   [train] ->   59 windows (19/22 channels, missing ['A1', 'A2', 'ROC'])
  MDD S17 EO   [train] ->   59 windows (19/22 channels, missing ['A1', 'A2', 'ROC'])
  MDD S17 TASK [train] ->  126 windows (19/22 channels, missing ['A1', 'A2', 'ROC'])
  MDD S18 EC   [train] ->   60 windows (19/22 channels, missing ['A1', 'A2', 'ROC'])
  MDD S18 EO   [train] ->   60 windows (19/22 channels, missing ['A1', 'A2', 'ROC'])
  MDD S18 TASK [train] ->  127 windows (19/22 channels, missing ['A1', 'A2', 'ROC'])
  MDD S19 EC   [train] ->   59 windows (19/22 channels, missing ['A1', 'A2', 'ROC'])
  MDD S19 EO   [train] ->   59 windows (19/22 channels, missing ['A1', 'A2', 'ROC'])
  MDD S19 TASK [train] ->  127 windows (19/22 channels, missing ['A1', 'A2', 'ROC'])
  MDD S02 EC   [train] ->   59 windows (19/22 channels, missing ['A1', 'A2', 'ROC'])
  MDD S02 EO   [train] ->   59 windows (19/22 channels, missing ['A1', 'A2', 'ROC'])
  MDD S02 TASK [train] ->  128 windows (19/22 channels, missing ['A1', 'A2', 'ROC'])
  MDD S20 EC   [train] ->   59 windows (19/22 channels, missing ['A1', 'A2', 'ROC'])
  MDD S20 EO   [train] ->   60 windows (19/22 channels, missing ['A1', 'A2', 'ROC'])
  MDD S20 TASK [train] ->  126 windows (19/22 channels, missing ['A1', 'A2', 'ROC'])
  MDD S21 EC   [train] ->   60 windows (19/22 channels, missing ['A1', 'A2', 'ROC'])
  MDD S21 EO   [train] ->   60 windows (19/22 channels, missing ['A1', 'A2', 'ROC'])
  MDD S21 TASK [train] ->  126 windows (19/22 channels, missing ['A1', 'A2', 'ROC'])
  MDD S22 EC   [train] ->   59 windows (19/22 channels, missing ['A1', 'A2', 'ROC'])
  MDD S22 EO   [train] ->   59 windows (19/22 channels, missing ['A1', 'A2', 'ROC'])
  MDD S22 TASK [train] ->  128 windows (19/22 channels, missing ['A1', 'A2', 'ROC'])
  MDD S23 EC   [train] ->   60 windows (19/22 channels, missing ['A1', 'A2', 'ROC'])
  MDD S23 EO   [train] ->   61 windows (19/22 channels, missing ['A1', 'A2', 'ROC'])
  MDD S23 TASK [train] ->  126 windows (19/22 channels, missing ['A1', 'A2', 'ROC'])
  MDD S24 EC   [train] ->   60 windows (19/22 channels, missing ['A1', 'A2', 'ROC'])
  MDD S24 EO   [train] ->   60 windows (19/22 channels, missing ['A1', 'A2', 'ROC'])
  MDD S24 TASK [train] ->  126 windows (19/22 channels, missing ['A1', 'A2', 'ROC'])
  MDD S25 EC   [train] ->   60 windows (19/22 channels, missing ['A1', 'A2', 'ROC'])
  MDD S25 EO   [train] ->   60 windows (19/22 channels, missing ['A1', 'A2', 'ROC'])
  MDD S25 TASK [train] ->  125 windows (19/22 channels, missing ['A1', 'A2', 'ROC'])
  MDD S26 EC   [train] ->   60 windows (19/22 channels, missing ['A1', 'A2', 'ROC'])
  MDD S26 EO   [train] ->   60 windows (19/22 channels, missing ['A1', 'A2', 'ROC'])
  MDD S26 TASK [train] ->  127 windows (19/22 channels, missing ['A1', 'A2', 'ROC'])
  MDD S27 EC   [train] ->   60 windows (19/22 channels, missing ['A1', 'A2', 'ROC'])
  MDD S27 EO   [train] ->   59 windows (19/22 channels, missing ['A1', 'A2', 'ROC'])
  MDD S27 TASK [train] ->  122 windows (19/22 channels, missing ['A1', 'A2', 'ROC'])
  MDD S28 EC   [test ] ->   60 windows (19/22 channels, missing ['A1', 'A2', 'ROC'])
  MDD S28 EO   [test ] ->   60 windows (19/22 channels, missing ['A1', 'A2', 'ROC'])
  MDD S28 TASK [test ] ->  126 windows (19/22 channels, missing ['A1', 'A2', 'ROC'])
  MDD S29 EC   [test ] ->   60 windows (19/22 channels, missing ['A1', 'A2', 'ROC'])
  MDD S29 EO   [test ] ->   60 windows (19/22 channels, missing ['A1', 'A2', 'ROC'])
  MDD S29 TASK [test ] ->  126 windows (19/22 channels, missing ['A1', 'A2', 'ROC'])
  MDD S03 EC   [train] ->   36 windows (19/22 channels, missing ['A1', 'A2', 'ROC'])
  MDD S03 EO   [train] ->   60 windows (19/22 channels, missing ['A1', 'A2', 'ROC'])
  MDD S03 TASK [train] ->  126 windows (19/22 channels, missing ['A1', 'A2', 'ROC'])
  MDD S30 EC   [test ] ->   48 windows (19/22 channels, missing ['A1', 'A2', 'ROC'])
  MDD S30 EO   [test ] ->   60 windows (19/22 channels, missing ['A1', 'A2', 'ROC'])
  MDD S30 TASK [test ] ->  125 windows (19/22 channels, missing ['A1', 'A2', 'ROC'])
  MDD S31 EC   [test ] ->   60 windows (19/22 channels, missing ['A1', 'A2', 'ROC'])
  MDD S31 EO   [test ] ->   60 windows (19/22 channels, missing ['A1', 'A2', 'ROC'])
  MDD S31 TASK [test ] ->  126 windows (19/22 channels, missing ['A1', 'A2', 'ROC'])
  MDD S32 EC   [test ] ->   59 windows (19/22 channels, missing ['A1', 'A2', 'ROC'])
  MDD S32 EO   [test ] ->   60 windows (19/22 channels, missing ['A1', 'A2', 'ROC'])
  MDD S32 TASK [test ] ->  125 windows (19/22 channels, missing ['A1', 'A2', 'ROC'])
  MDD S33 EC   [test ] ->   59 windows (19/22 channels, missing ['A1', 'A2', 'ROC'])
  MDD S33 EO   [test ] ->   59 windows (19/22 channels, missing ['A1', 'A2', 'ROC'])
  MDD S33 TASK [test ] ->  131 windows (19/22 channels, missing ['A1', 'A2', 'ROC'])
  MDD S34 EC   [test ] ->   59 windows (19/22 channels, missing ['A1', 'A2', 'ROC'])
  MDD S34 EO   [test ] ->   59 windows (19/22 channels, missing ['A1', 'A2', 'ROC'])
  MDD S34 TASK [test ] ->  131 windows (19/22 channels, missing ['A1', 'A2', 'ROC'])
  MDD S04 EO   [train] ->   60 windows (19/22 channels, missing ['A1', 'A2', 'ROC'])
  MDD S04 TASK [train] ->  126 windows (19/22 channels, missing ['A1', 'A2', 'ROC'])
  MDD S05 EC   [train] ->   60 windows (19/22 channels, missing ['A1', 'A2', 'ROC'])
  MDD S05 EO   [train] ->   60 windows (19/22 channels, missing ['A1', 'A2', 'ROC'])
  MDD S05 TASK [train] ->  122 windows (19/22 channels, missing ['A1', 'A2', 'ROC'])
  MDD S06 EC   [train] ->   60 windows (19/22 channels, missing ['A1', 'A2', 'ROC'])
  MDD S06 EO   [train] ->   60 windows (19/22 channels, missing ['A1', 'A2', 'ROC'])
  MDD S06 TASK [train] ->  127 windows (19/22 channels, missing ['A1', 'A2', 'ROC'])
  MDD S07 EC   [train] ->   60 windows (19/22 channels, missing ['A1', 'A2', 'ROC'])
  MDD S07 TASK [train] ->  127 windows (19/22 channels, missing ['A1', 'A2', 'ROC'])
  MDD S08 TASK [train] ->  121 windows (19/22 channels, missing ['A1', 'A2', 'ROC'])
  MDD S09 EC   [train] ->   60 windows (19/22 channels, missing ['A1', 'A2', 'ROC'])
  MDD S09 EO   [train] ->   60 windows (19/22 channels, missing ['A1', 'A2', 'ROC'])

Window counts:
  test-healthy :   1404
  test-mdd     :   1713
  train-healthy :   5456
  train-mdd     :   6110

TOTAL windows: 14683
Normalization (Mumtaz's OWN) -> /scratch/linah03/EpilepticSeizureProject/Dataset/external_processed/mumtaz2016/normalization
  mean[:4] [7.e-08 3.e-08 3.e-08 5.e-08]
  std[:4]  [3.580e-05 3.258e-05 2.696e-05 2.712e-05]

Saved -> /scratch/linah03/EpilepticSeizureProject/Dataset/external_processed/mumtaz2016/
