===== 1/3  Sleep-EDFx 1s: HEAD ONLY =====
Device: cuda
Classes (6): ['wake', 'n1', 'n2', 'n3', 'n4', 'rem']
Loading raw data...
  train (72000, 22, 256)  test (72000, 22, 256)
  normalization: /home/abdulh/scratch/EEGdiff_V2/training_diffusion_v2/normalization
Loading frozen backbone...
Model initialized with 40,679,574 parameters
Extracting embeddings...
  embeddings: train (72000, 4800)  test (72000, 4800)
  class weights (power=1.0): wake=1.00, n1=1.00, n2=1.00, n3=1.00, n4=1.00, rem=1.00
Training head...
  early stop @ epoch 26 (best val macroF1 0.0517)

Test accuracy 0.1676  macro-F1 0.0495  weighted-F1 0.0495
              precision    recall  f1-score   support

        wake     0.0000    0.0000    0.0000     12000
          n1     0.0000    0.0000    0.0000     12000
          n2     0.0000    0.0000    0.0000     12000
          n3     0.0000    0.0000    0.0000     12000
          n4     0.1669    1.0000    0.2860     12000
         rem     1.0000    0.0054    0.0108     12000

    accuracy                         0.1676     72000
   macro avg     0.1945    0.1676    0.0495     72000
weighted avg     0.1945    0.1676    0.0495     72000

Confusion matrix ['wake', 'n1', 'n2', 'n3', 'n4', 'rem'] 
 [[    0     0     0     0 12000     0]
 [    0     0     1     0 11999     0]
 [    0     0     0     0 12000     0]
 [    0     0     0     0 12000     0]
 [    0     0     0     0 12000     0]
 [    0     0    16     0 11919    65]]

✓ saved -> /home/abdulh/scratch/EEGdiff_V2/Benchmarking/sleep1s_headonly_trainedhead_20260812_074734/

===== 2/3  Sleep-EDFx 1s: FULL finetune (unfreeze=all, no RL) =====
Device: cuda | unfreeze=all
Classes (6): ['wake', 'n1', 'n2', 'n3', 'n4', 'rem']
Loading data...
  train (72000, 22, 256)  test (72000, 22, 256)
  normalization: /home/abdulh/scratch/EEGdiff_V2/training_diffusion_v2/normalization
Loading backbone...
Model initialized with 40,679,574 parameters
  trainable backbone params: 14,309,248
  class weights (power=1.0): wake=1.00, n1=1.00, n2=1.00, n3=1.00, n4=1.00, rem=1.00
Training...
  epoch   1/40 | val macroF1 0.0478
  epoch   2/40 | val macroF1 0.0472
  epoch   3/40 | val macroF1 0.0474
  epoch   4/40 | val macroF1 0.0473
  epoch   5/40 | val macroF1 0.0472
  epoch   6/40 | val macroF1 0.0472
  epoch   7/40 | val macroF1 0.0474
  epoch   8/40 | val macroF1 0.0472
  epoch   9/40 | val macroF1 0.0474
  epoch  10/40 | val macroF1 0.0477
  epoch  11/40 | val macroF1 0.0474
  early stop @ epoch 11

Test accuracy 0.1667  macro-F1 0.0476  weighted-F1 0.0476
              precision    recall  f1-score   support

        wake     0.1667    1.0000    0.2857     12000
          n1     0.0000    0.0000    0.0000     12000
          n2     0.0000    0.0000    0.0000     12000
          n3     0.0000    0.0000    0.0000     12000
          n4     0.0000    0.0000    0.0000     12000
         rem     0.0000    0.0000    0.0000     12000

    accuracy                         0.1667     72000
   macro avg     0.0278    0.1667    0.0476     72000
weighted avg     0.0278    0.1667    0.0476     72000

Confusion matrix ['wake', 'n1', 'n2', 'n3', 'n4', 'rem'] 
 [[12000     0     0     0     0     0]
 [12000     0     0     0     0     0]
 [12000     0     0     0     0     0]
 [12000     0     0     0     0     0]
 [12000     0     0     0     0     0]
 [11999     0     0     0     1     0]]

✓ saved -> /home/abdulh/scratch/EEGdiff_V2/Benchmarking/sleep1s_finetuned_all_20260812_082453/

===== 3/3  Sleep-EDFx 1s: FULL finetune + RL =====
Device: cuda | unfreeze=all | +RL (rl_weight=0.1)
Classes (6): ['wake', 'n1', 'n2', 'n3', 'n4', 'rem']
Loading data...
  train (72000, 22, 256)  test (72000, 22, 256)
  normalization: /home/abdulh/scratch/EEGdiff_V2/training_diffusion_v2/normalization
Loading backbone...
Model initialized with 40,679,574 parameters
  trainable backbone params: 14,309,248
  class weights (power=0.5): wake=1.00, n1=1.00, n2=1.00, n3=1.00, n4=1.00, rem=1.00
Training...
  epoch   1/40 | val macroF1 0.0472
  epoch   2/40 | val macroF1 0.0473
  epoch   3/40 | val macroF1 0.0478
  epoch   4/40 | val macroF1 0.0474
  epoch   5/40 | val macroF1 0.0478
  epoch   6/40 | val macroF1 0.0477
  epoch   7/40 | val macroF1 0.0477
  epoch   8/40 | val macroF1 0.0474
  epoch   9/40 | val macroF1 0.0474
  epoch  10/40 | val macroF1 0.0474
  epoch  11/40 | val macroF1 0.0477
  epoch  12/40 | val macroF1 0.0477
  epoch  13/40 | val macroF1 0.0477
  early stop @ epoch 13

Test accuracy 0.1667  macro-F1 0.0476  weighted-F1 0.0476
              precision    recall  f1-score   support

        wake     0.1667    1.0000    0.2857     12000
          n1     0.0000    0.0000    0.0000     12000
          n2     0.0000    0.0000    0.0000     12000
          n3     0.0000    0.0000    0.0000     12000
          n4     0.0000    0.0000    0.0000     12000
         rem     0.0000    0.0000    0.0000     12000

    accuracy                         0.1667     72000
   macro avg     0.0278    0.1667    0.0476     72000
weighted avg     0.0278    0.1667    0.0476     72000

Confusion matrix ['wake', 'n1', 'n2', 'n3', 'n4', 'rem'] 
 [[12000     0     0     0     0     0]
 [12000     0     0     0     0     0]
 [12000     0     0     0     0     0]
 [12000     0     0     0     0     0]
 [12000     0     0     0     0     0]
 [11999     1     0     0     0     0]]

✓ saved -> /home/abdulh/scratch/EEGdiff_V2/Benchmarking/sleep1s_finetuned_all_RL_20260812_090925/
