Device: cuda
======================================================================
INDEXING DATA (sequential block-shuffle for train)
======================================================================

✓ Train files 350 | 699,414 samples (normal 345,535 / abnormal 353,879)
✓ Val   files 18 | 36,000 samples
✓ Test  | 72,291 samples
✓ Steps/epoch 2,732 | class weights normal=1.012 abnormal=0.988

Outputs -> /home/abdulh/scratch/EEGdiff_V2/TUAB_Res/run_20260702_034225/

======================================================================
EXPERIMENT: unfreeze_2  (n_down=2, stem=False)
======================================================================
Model initialized with 40,679,574 parameters
  ✓ Backbone checkpoint loaded
  Unfrozen backbone params: 8,076,544
  Epoch   1 | tr_loss 0.5039 acc 0.760 | val F2:0.7775 F1:0.7966 Acc:0.8047 Rec:0.7652 Prec:0.8308 Spec:0.8441 ROC:0.8648 PR:0.8822
  Epoch   2 | tr_loss 0.3849 acc 0.831 | val F2:0.7570 F1:0.7975 Acc:0.8141 Rec:0.7323 Prec:0.8755 Spec:0.8958 ROC:0.8860 PR:0.9007
  Epoch   3 | tr_loss 0.3343 acc 0.857 | val F2:0.7988 F1:0.7766 Acc:0.7657 Rec:0.8143 Prec:0.7422 Spec:0.7171 ROC:0.8612 PR:0.8859
  Epoch   4 | tr_loss 0.3050 acc 0.874 | val F2:0.7507 F1:0.7849 Acc:0.8001 Rec:0.7295 Prec:0.8494 Spec:0.8706 ROC:0.8635 PR:0.8913
  Epoch   5 | tr_loss 0.2750 acc 0.886 | val F2:0.6455 F1:0.7252 Acc:0.7722 Rec:0.6014 Prec:0.9133 Spec:0.9429 ROC:0.8583 PR:0.8824
  Epoch   6 | tr_loss 0.2455 acc 0.899 | val F2:0.8311 F1:0.8066 Acc:0.7966 Rec:0.8483 Prec:0.7688 Spec:0.7449 ROC:0.8898 PR:0.9055
  Epoch   7 | tr_loss 0.2241 acc 0.907 | val F2:0.7784 F1:0.7445 Acc:0.7245 Rec:0.8028 Prec:0.6941 Spec:0.6462 ROC:0.8269 PR:0.8561
  Epoch   8 | tr_loss 0.2069 acc 0.916 | val F2:0.7273 F1:0.7759 Acc:0.7984 Rec:0.6981 Prec:0.8732 Spec:0.8987 ROC:0.8886 PR:0.9056
  Epoch   9 | tr_loss 0.1912 acc 0.922 | val F2:0.7463 F1:0.7592 Acc:0.7660 Rec:0.7379 Prec:0.7818 Spec:0.7941 ROC:0.8533 PR:0.8708
  Epoch  10 | tr_loss 0.1717 acc 0.931 | val F2:0.6864 F1:0.7345 Acc:0.7623 Rec:0.6577 Prec:0.8317 Spec:0.8669 ROC:0.8437 PR:0.8680
  Epoch  11 | tr_loss 0.1567 acc 0.937 | val F2:0.8029 F1:0.8095 Acc:0.8121 Rec:0.7986 Prec:0.8207 Spec:0.8255 ROC:0.8940 PR:0.9105
  Epoch  12 | tr_loss 0.1432 acc 0.944 | val F2:0.7326 F1:0.7681 Acc:0.7855 Rec:0.7107 Prec:0.8358 Spec:0.8603 ROC:0.8556 PR:0.8816
  Epoch  13 | tr_loss 0.1252 acc 0.950 | val F2:0.7849 F1:0.8066 Acc:0.8151 Rec:0.7712 Prec:0.8454 Spec:0.8589 ROC:0.8913 PR:0.9075
  Epoch  14 | tr_loss 0.1145 acc 0.955 | val F2:0.7988 F1:0.7742 Acc:0.7619 Rec:0.8162 Prec:0.7363 Spec:0.7077 ROC:0.8587 PR:0.8852
  Epoch  15 | tr_loss 0.1017 acc 0.960 | val F2:0.6557 F1:0.7111 Acc:0.7468 Rec:0.6233 Prec:0.8277 Spec:0.8703 ROC:0.8325 PR:0.8554
  Epoch  16 | tr_loss 0.0897 acc 0.965 | val F2:0.5730 F1:0.6670 Acc:0.7385 Rec:0.5238 Prec:0.9180 Spec:0.9532 ROC:0.8391 PR:0.8667
  Early stopping at epoch 16

  >>> unfreeze_2 TEST @0.5  : F2:0.8137 F1:0.7738 Acc:0.7727 Rec:0.8427 Prec:0.7154 Spec:0.7127 ROC:0.8777 PR:0.8773
  >>> unfreeze_2 TEST @0.85 : F2:0.7599 F1:0.7707 Acc:0.7933 Rec:0.7528 Prec:0.7895 Spec:0.8280 ROC:0.8777 PR:0.8773

======================================================================
EXPERIMENT: unfreeze_3  (n_down=3, stem=False)
======================================================================
Model initialized with 40,679,574 parameters
  ✓ Backbone checkpoint loaded
  Unfrozen backbone params: 10,640,128
  Epoch   1 | tr_loss 0.4994 acc 0.764 | val F2:0.7926 F1:0.7925 Acc:0.7924 Rec:0.7927 Prec:0.7923 Spec:0.7922 ROC:0.8669 PR:0.8842
  Epoch   2 | tr_loss 0.3756 acc 0.837 | val F2:0.8408 F1:0.8011 Acc:0.7841 Rec:0.8695 Prec:0.7426 Spec:0.6986 ROC:0.8831 PR:0.8964
  Epoch   3 | tr_loss 0.3228 acc 0.862 | val F2:0.7541 F1:0.7887 Acc:0.8037 Rec:0.7327 Prec:0.8540 Spec:0.8747 ROC:0.8747 PR:0.8971
  Epoch   4 | tr_loss 0.2956 acc 0.877 | val F2:0.7322 F1:0.7751 Acc:0.7951 Rec:0.7061 Prec:0.8590 Spec:0.8841 ROC:0.8629 PR:0.8874
  Epoch   5 | tr_loss 0.2669 acc 0.889 | val F2:0.6122 F1:0.6948 Acc:0.7509 Rec:0.5672 Prec:0.8967 Spec:0.9347 ROC:0.8326 PR:0.8615
  Epoch   6 | tr_loss 0.2397 acc 0.900 | val F2:0.7931 F1:0.8011 Acc:0.8044 Rec:0.7879 Prec:0.8148 Spec:0.8209 ROC:0.8828 PR:0.9015
  Epoch   7 | tr_loss 0.2224 acc 0.908 | val F2:0.7284 F1:0.7535 Acc:0.7669 Rec:0.7126 Prec:0.7994 Spec:0.8212 ROC:0.8464 PR:0.8699
  Epoch   8 | tr_loss 0.2002 acc 0.918 | val F2:0.7541 F1:0.7840 Acc:0.7974 Rec:0.7354 Prec:0.8394 Spec:0.8593 ROC:0.8816 PR:0.8993
  Epoch   9 | tr_loss 0.1865 acc 0.924 | val F2:0.7400 F1:0.7443 Acc:0.7467 Rec:0.7372 Prec:0.7515 Spec:0.7562 ROC:0.8321 PR:0.8468
  Epoch  10 | tr_loss 0.1675 acc 0.932 | val F2:0.6624 F1:0.7295 Acc:0.7686 Rec:0.6241 Prec:0.8779 Spec:0.9132 ROC:0.8563 PR:0.8772
  Epoch  11 | tr_loss 0.1520 acc 0.939 | val F2:0.7797 F1:0.8004 Acc:0.8089 Rec:0.7664 Prec:0.8375 Spec:0.8513 ROC:0.8919 PR:0.9078
  Epoch  12 | tr_loss 0.1372 acc 0.945 | val F2:0.6830 F1:0.7483 Acc:0.7828 Rec:0.6455 Prec:0.8899 Spec:0.9202 ROC:0.8648 PR:0.8861
  Early stopping at epoch 12

  >>> unfreeze_3 TEST @0.5  : F2:0.8197 F1:0.7627 Acc:0.7523 Rec:0.8627 Prec:0.6835 Spec:0.6577 ROC:0.8621 PR:0.8542
  >>> unfreeze_3 TEST @0.70 : F2:0.7743 F1:0.7722 Acc:0.7888 Rec:0.7757 Prec:0.7687 Spec:0.8000 ROC:0.8621 PR:0.8542

======================================================================
SUMMARY (test @ tuned threshold)
======================================================================
experiment          F2      F1     Acc  Recall     ROC      PR
unfreeze_2      0.7599  0.7707  0.7933  0.7528  0.8777  0.8773
unfreeze_3      0.7743  0.7722  0.7888  0.7757  0.8621  0.8542

*** BEST: unfreeze_3 | test F2:0.7743 F1:0.7722 Acc:0.7888 Rec:0.7757 Prec:0.7687 Spec:0.8000 ROC:0.8621 PR:0.8542 (threshold 0.70) ***

✓ All outputs saved to /home/abdulh/scratch/EEGdiff_V2/TUAB_Res/run_20260702_034225/
